org/vnu/sme/goal/trace/usetrace/IStarUseTraceCompiler$Checkpoint.class
org/vnu/sme/goal/verify/conformance/semantics/IllFormedProcessException.class
org/vnu/sme/goal/dsl/acl/view/AclNodeKind.class
org/vnu/sme/goal/dsl/istar/view/IStarView$Placement.class
org/vnu/sme/goal/feature/bpmnscenario/BpmnScenarioDemoMain.class
org/vnu/sme/goal/feature/istaruseocl/IStarUseOclDemo.class
org/vnu/sme/goal/translate/aclistarbpmn2eventb/translate/IStarSatisfactionCompiler.class
org/vnu/sme/goal/translate/aclistarbpmn2eventb/ir/EventBProject$Property.class
org/vnu/sme/goal/dsl/istar/mm/IntentionalElement.class
org/vnu/sme/goal/verify/aclstate/AclBpmnFlowRuntime.class
org/vnu/sme/goal/dsl/bpmnscenario/mm/ScenarioStmt$Completed.class
org/vnu/sme/goal/dsl/istar/parser/IStarParser$ModelContext.class
org/vnu/sme/goal/dsl/istar/parser/IStarCompiler$Result.class
org/vnu/sme/goal/dsl/bpmnscenario/mm/ScenarioStmt$ActorDecl.class
org/vnu/sme/goal/analysis/mapping/SemanticMappingAnalysis.class
org/vnu/sme/goal/dsl/iscn/view/IStarScenarioView$1.class
org/vnu/sme/goal/dsl/bpmnscenario/ast/ScenarioStmtCS$ValueCSStmt.class
org/vnu/sme/goal/dsl/istar/parser/IStarParser$DependumKindContext.class
org/vnu/sme/goal/trace/istartrace/nativeacl/BpmnTraceIStarMonitor$ProcessResult.class
org/vnu/sme/goal/dsl/bpmnscenario/mm/AssertionResult.class
org/vnu/sme/goal/dsl/bpmn/parser/BpmnParser$LaneDeclContext.class
org/vnu/sme/goal/trace/istartrace/nativeacl/AclSnapshot$Kind.class
org/vnu/sme/goal/dsl/acl/ast/AclModelCS.class
org/vnu/sme/goal/dsl/bpmnscenario/ast/RefCS.class
org/vnu/sme/goal/translate/aclistarbpmn2eventb/translate/OclToEventB.class
org/vnu/sme/goal/dsl/acl/parser/ACLParser$OclExpressionContext.class
org/vnu/sme/goal/feature/openacl/AclOpenService$Target.class
org/vnu/sme/goal/dsl/acl/mm/AclRole.class
org/vnu/sme/goal/dsl/bpmn/view/BpmnView$1.class
org/vnu/sme/goal/dsl/bpmnscenario/parser/BpmnScenarioParser$CountExprContext.class
org/vnu/sme/goal/translate/aclistarbpmn2eventb/translate/AclBpmn2EventBTranslator.class
org/vnu/sme/goal/translate/aclistarbpmn2eventb/translate/OclToEventB$Emitter.class
org/vnu/sme/goal/dsl/aol/view/AolDiagramNode.class
org/vnu/sme/goal/dsl/acl/view/AclDiagram$3.class
org/vnu/sme/goal/dsl/bpmn/mm/StartEvent.class
org/vnu/sme/goal/feature/exportacltoeventb/ActionAcl2EventB.class
org/vnu/sme/goal/translate/aclbpmn2use/AclBpmn2UseTranslator.class
org/vnu/sme/goal/verify/aclstate/AclKodkodSymbolicModel$AttributeSlot.class
org/vnu/sme/goal/verify/conformance/mapping/ElementMapping.class
org/vnu/sme/goal/dsl/iscn/parser/IStarScenarioBaseListener.class
org/vnu/sme/goal/dsl/bpmn/mm/Event.class
org/vnu/sme/goal/translate/aclistar2use/IStar2ToclTranslator$Result.class
org/vnu/sme/goal/trace/usetrace/view/IStarUseTraceView.class
org/vnu/sme/goal/feature/conformance/AclBpmnIStarConformanceMain.class
org/vnu/sme/goal/feature/conformance/ConformanceDemoMain.class
org/vnu/sme/goal/verify/conformance/AclBpmnIStarConformanceChecker.class
org/vnu/sme/goal/dsl/acl/view/AclDiagramNode.class
org/vnu/sme/goal/dsl/bpmn/view/BpmnNode.class
org/vnu/sme/goal/dsl/aol/view/AolStateModel.class
org/vnu/sme/goal/dsl/istar/parser/IStarParser$DependencyContext.class
org/vnu/sme/goal/dsl/istar/mm/GoalTaskElement.class
org/vnu/sme/goal/translate/aclistarbpmn2eventb/translate/OclAst$Arrow.class
org/vnu/sme/goal/dsl/bpmn/parser/BpmnParser$GatewayFlowConditionContext.class
org/vnu/sme/goal/feature/conformance/FormalVerificationForm.class
org/vnu/sme/goal/dsl/aol/parser/AolModelFactory.class
org/vnu/sme/goal/dsl/istar/view/IStarDiagram$5.class
org/vnu/sme/goal/dsl/acl/mm/AclOwner.class
org/vnu/sme/goal/feature/istartrace/BpmnTraceIStarMonitorForm$2.class
org/vnu/sme/goal/dsl/aol/ast/AolPlayCS.class
org/vnu/sme/goal/dsl/iscn/mm/ScenarioStmt$Fire.class
org/vnu/sme/goal/dsl/aol/parser/AOLVisitor.class
org/vnu/sme/goal/dsl/acl/mm/AclDataType.class
org/vnu/sme/goal/translate/aclistarbpmn2eventb/serialize/RodinProjectWriter.class
org/vnu/sme/goal/dsl/iscn/mm/AggregateResult.class
org/vnu/sme/goal/dsl/istar/parser/IStarParser$CtMakeContext.class
org/vnu/sme/goal/dsl/bpmn/parser/BpmnParser$EventDirContext.class
org/vnu/sme/goal/verify/conformance/AolBpmnTraceRunner$InstanceTrace.class
org/vnu/sme/goal/verify/aclstate/AclKodkodSymbolicModel$BoolValue.class
org/vnu/sme/goal/dsl/acl/mm/RoleEntityRelation.class
org/vnu/sme/goal/dsl/acl/ast/AclGroupMemberCS.class
org/vnu/sme/goal/dsl/bpmn/parser/BpmnParser$NamePropertyContext.class
org/vnu/sme/goal/dsl/acl/mm/RoleDefinition.class
org/vnu/sme/goal/dsl/istar/view/IStarSpecText.class
org/vnu/sme/goal/verify/aclstate/AclKodkodSymbolicModel$Value.class
org/vnu/sme/goal/dsl/acl/view/AclDiagramOptions.class
org/vnu/sme/goal/translate/aclistarbpmn2eventb/translate/AclIStarBpmn2EventBTranslator.class
org/vnu/sme/goal/dsl/iscn/ast/ScenarioStmtCS$FireCS.class
org/vnu/sme/goal/dsl/istar/parser/IStarParser$ContribTypeContext.class
org/vnu/sme/goal/feature/exporteventb/ActionExportEventB.class
org/vnu/sme/goal/verify/aclstate/AclStateScenario.class
org/vnu/sme/goal/translate/acl2use/Acl2UseTranslator.class
org/vnu/sme/goal/dsl/aol/view/AolNode.class
org/vnu/sme/goal/verify/conformance/semantics/BpmnFiring.class
org/vnu/sme/goal/dsl/bpmn/view/BpmnEdgeKind.class
org/vnu/sme/goal/dsl/bpmn/parser/BpmnParser$GwTypeContext.class
org/vnu/sme/goal/dsl/bpmn/mm/ActivityConstraint.class
org/vnu/sme/goal/dsl/istar/mm/GoalModel.class
org/vnu/sme/goal/dsl/aol/parser/AolModelFactory$SemanticError.class
org/vnu/sme/goal/dsl/bpmnscenario/ast/ValueCS$ListCS.class
org/vnu/sme/goal/dsl/bpmn/parser/BpmnBaseListener.class
org/vnu/sme/goal/translate/aclaol2soil/AclAol2SoilTranslator$RelationBinding.class
org/vnu/sme/goal/dsl/bpmn/parser/BpmnParser$ActivityTypeContext.class
org/vnu/sme/goal/dsl/iscn/parser/IStarScenarioParser$StmtAssignContext.class
org/vnu/sme/goal/dsl/bpmnscenario/parser/BpmnScenarioCompiler$1.class
org/vnu/sme/goal/verify/conformance/AolBpmnTraceRunner.class
org/vnu/sme/goal/feature/openacl/AclOpenService.class
org/vnu/sme/goal/dsl/istar/parser/IStarModelFactory.class
org/vnu/sme/goal/trace/bpmn/BpmnOclConstraintCompiler$ConstraintInfo.class
org/vnu/sme/goal/dsl/istar/mm/Goal.class
org/vnu/sme/goal/trace/bpmn/BpmnExecutionEngine.class
org/vnu/sme/goal/dsl/bpmn/parser/BpmnParser$TriggerPropertyContext.class
org/vnu/sme/goal/trace/usetrace/IStarOclConstraintCompiler.class
org/vnu/sme/goal/dsl/acl/view/AclDiagramNode$1.class
org/vnu/sme/goal/verify/aclstate/AclBpmnStateTraceEvaluator$StepResult.class
org/vnu/sme/goal/translate/aclistarbpmn2eventb/translate/OclToEventB$Emitter$Res$TypeRef.class
org/vnu/sme/goal/dsl/acl/mm/AclCompatibilityType.class
org/vnu/sme/goal/trace/istartrace/nativeacl/BpmnTraceIStarMonitor$Result.class
org/vnu/sme/goal/dsl/bpmn/mm/Message.class
org/vnu/sme/goal/dsl/aol/parser/AOLParser$PlayLinkDeclContext.class
org/vnu/sme/goal/dsl/istar/mm/AssocKind.class
org/vnu/sme/goal/feature/bpmnuseocl/BpmnUseOclForm.class
org/vnu/sme/goal/dsl/dcr/parser/DcrModelFactory$1.class
org/vnu/sme/goal/dsl/acl/parser/ACLParser$DefaultValueContext.class
org/vnu/sme/goal/dsl/istar/view/IStarLayoutBuilder$1.class
org/vnu/sme/goal/dsl/acl/mm/AclEndpoint.class
org/vnu/sme/goal/dsl/bpmn/view/BpmnLayout.class
org/vnu/sme/goal/analysis/mapping/SemanticMappingAnalyzer$TaskInfo.class
org/vnu/sme/goal/dsl/iscn/view/IStarScenarioViewModel$1.class
org/vnu/sme/goal/dsl/acl/parser/ACLParser$GroupDeclContext.class
org/vnu/sme/goal/dsl/bpmnscenario/parser/BpmnScenarioParser$ExprContext.class
org/vnu/sme/goal/verify/aclstate/AclBpmnStateTraceEvaluator.class
org/vnu/sme/goal/dsl/dcr/view/DcrView.class
org/vnu/sme/goal/dsl/acl/ast/AclCardinalityConstraintCS.class
org/vnu/sme/goal/translate/aclistarbpmn2use/AclBpmnIStar2UseTranslator$Result.class
org/vnu/sme/goal/trace/bpmn/BpmnExecutionEngine$PredicateEvaluator.class
org/vnu/sme/goal/verify/conformance/semantics/ProductLts.class
org/vnu/sme/goal/dsl/acl/mm/RoleRelation.class
org/vnu/sme/goal/dsl/acl/mm/GroupEntity.class
org/vnu/sme/goal/dsl/acl/ast/AclLinkOptionCS$TypeCS.class
org/vnu/sme/goal/dsl/bpmn/parser/BpmnParser$ActivityTypePropertyContext.class
org/vnu/sme/goal/analysis/mapping/SemanticMappingAnalyzer.class
org/vnu/sme/goal/dsl/bpmn/view/BpmnView$Placement.class
org/vnu/sme/goal/verify/aclstate/AclKodkodSymbolicModel$Frame.class
org/vnu/sme/goal/dsl/bpmn/mm/Gateway.class
org/vnu/sme/goal/dsl/aol/parser/AOLParser$LinkDeclContext.class
org/vnu/sme/goal/dsl/aol/parser/AOLLexer.class
org/vnu/sme/goal/dsl/aol/view/AolDiagram$2.class
org/vnu/sme/goal/verify/conformance/semantics/ProductState.class
org/vnu/sme/goal/analysis/mapping/SemanticMappingAnalysis$Diagnostic.class
org/vnu/sme/goal/dsl/aol/view/AolDiagramOptions.class
org/vnu/sme/goal/feature/openbpmn/BpmnForm.class
org/vnu/sme/goal/dsl/dcr/view/DcrLayout.class
org/vnu/sme/goal/verify/aclstate/AclIStarSymbolicSemantics.class
org/vnu/sme/goal/analysis/mapping/SemanticMappingAnalysis$CandidateStatus.class
org/vnu/sme/goal/dsl/istar/parser/IStarListener.class
org/vnu/sme/goal/dsl/istar/view/IStarDiagram$4.class
org/vnu/sme/goal/dsl/aol/view/AolDiagram$3.class
org/vnu/sme/goal/verify/conformance/ProcessConformanceClassifier.class
org/vnu/sme/goal/dsl/iscn/goalmodelinstance/parser/GoalModelInstanceTranslator$BindingStack.class
org/vnu/sme/goal/dsl/acl/parser/ACLBaseVisitor.class
org/vnu/sme/goal/dsl/istar/view/IStarNode.class
org/vnu/sme/goal/dsl/aol/parser/AolModelFactory$Build$InstanceRef.class
org/vnu/sme/goal/dsl/iscn/mm/ScenarioStmt$Assign.class
org/vnu/sme/goal/dsl/acl/mm/AttributeDefinition.class
org/vnu/sme/goal/dsl/istar/mm/Role.class
org/vnu/sme/goal/dsl/dcr/parser/DcrBuildingVisitor.class
org/vnu/sme/goal/dsl/bpmn/mm/BpmnModel.class
org/vnu/sme/goal/feature/conformance/ActionOpenFormalVerification.class
org/vnu/sme/goal/verify/aclstate/AclBpmnWholeProcessValidator$SolveResult.class
org/vnu/sme/goal/dsl/istar/ast/ElementBodyCS$TaskCS.class
org/vnu/sme/goal/feature/openistar/IStarForm$OpenTarget.class
org/vnu/sme/goal/dsl/acl/ast/AclAttributeCS.class
org/vnu/sme/goal/dsl/istar/parser/IStarParser.class
org/vnu/sme/goal/dsl/acl/parser/ACLLexer.class
org/vnu/sme/goal/analysis/mapping/MappingVerificationPlan$GenerationStatus.class
org/vnu/sme/goal/dsl/aol/parser/AolCompiler.class
org/vnu/sme/goal/trace/istartrace/nativeacl/NativeOclEvaluator$T.class
org/vnu/sme/goal/dsl/acl/parser/AclModelFactory$Builder.class
org/vnu/sme/goal/dsl/bpmnscenario/parser/BpmnScenarioParser$ForClauseContext.class
org/vnu/sme/goal/dsl/bpmn/mm/EventDirection.class
org/vnu/sme/goal/dsl/acl/parser/ACLParser$GroupMemberDeclContext.class
org/vnu/sme/goal/analysis/mapping/SemanticMappingAnalysis$ActivityStatus.class
org/vnu/sme/goal/dsl/aol/state/AclSystemStateCompiler$Builder.class
org/vnu/sme/goal/dsl/istar/ast/ActorDefCS.class
org/vnu/sme/goal/dsl/istar/mm/Contribution.class
org/vnu/sme/goal/dsl/acl/mm/EntityDefinition.class
org/vnu/sme/goal/dsl/dcr/parser/DCRBaseVisitor.class
org/vnu/sme/goal/dsl/dcr/parser/DCRParser$RelExcludeContext.class
org/vnu/sme/goal/dsl/aol/parser/AOLBuildingVisitor.class
org/vnu/sme/goal/dsl/acl/view/AclDiagram$2.class
org/vnu/sme/goal/dsl/bpmn/parser/BpmnParser$GatewayTypePropertyContext.class
org/vnu/sme/goal/verify/conformance/oracle/IscnOracleComparator$PlayBinding.class
org/vnu/sme/goal/trace/istartrace/IStarTraceStepper$Result.class
org/vnu/sme/goal/verify/conformance/AclBpmnIStarConformanceChecker$Result.class
org/vnu/sme/goal/analysis/mapping/SemanticMappingAnalysis$MappingEntry.class
org/vnu/sme/goal/dsl/bpmnscenario/mm/ScenarioStmt$ProcessDecl.class
org/vnu/sme/goal/dsl/acl/ast/AclEntityCS.class
org/vnu/sme/goal/dsl/bpmnscenario/parser/BpmnScenarioParser$StmtActiveContext.class
org/vnu/sme/goal/dsl/istar/mm/ConcreteIntentionalElement.class
org/vnu/sme/goal/dsl/istar/mm/OrRefinement.class
org/vnu/sme/goal/dsl/acl/mm/AclCardinalityConstraint.class
org/vnu/sme/goal/verify/aclstate/AclBpmnWholeProcessValidator$ConsistencyVerdict.class
org/vnu/sme/goal/verify/aclstate/AclBpmnWholeProcessValidator$ValidationResult.class
org/vnu/sme/goal/feature/openistarscenario/ActionOpenIStarScenario.class
org/vnu/sme/goal/dsl/iscn/parser/IStarScenarioParser$StmtFireContext.class
org/vnu/sme/goal/feature/conformance/ActionStepConformance.class
org/vnu/sme/goal/translate/aclistarbpmn2eventb/translate/OclAst$Ident.class
org/vnu/sme/goal/feature/alluseocl/AclBpmnIStarUseOclForm.class
org/vnu/sme/goal/feature/openacl/ActionOpenAcl.class
org/vnu/sme/goal/verify/aclstate/AclKodkodSymbolicModel$ObjectsValue.class
org/vnu/sme/goal/feature/istaruseocl/IStarUseOclForm$1.class
org/vnu/sme/goal/dsl/aol/parser/AOLParser$EntityInstanceDeclContext.class
org/vnu/sme/goal/dsl/istar/view/IStarDiagram$1.class
org/vnu/sme/goal/dsl/acl/parser/ACLListener.class
org/vnu/sme/goal/dsl/iscn/parser/IStarScenarioParser$StmtAggregateContext.class
org/vnu/sme/goal/feature/exportacltouse/ActionExportAclToUse.class
org/vnu/sme/goal/translate/aclbpmn2use/AclBpmn2UseTranslator$ProcessPlan.class
org/vnu/sme/goal/dsl/bpmnscenario/ast/ScenarioStmtCS$ActorDeclCS.class
org/vnu/sme/goal/translate/aclbpmn2use/BpmnUseOclService$Result.class
org/vnu/sme/goal/translate/aclistarbpmn2eventb/translate/OclAst$Not.class
org/vnu/sme/goal/dsl/acl/parser/ACLParser$AttributeDeclContext.class
org/vnu/sme/goal/dsl/aol/parser/AOLParser$PlayDeclContext.class
org/vnu/sme/goal/dsl/aol/view/AolEdgeKind.class
org/vnu/sme/goal/dsl/bpmnscenario/parser/BpmnScenarioParser$FireStmtContext.class
org/vnu/sme/goal/dsl/iscn/parser/IStarScenarioListener.class
org/vnu/sme/goal/verify/aclstate/AclOclFormulaParser$Unary.class
org/vnu/sme/goal/feature/alluseocl/AclBpmnIStarUseOclForm$1.class
org/vnu/sme/goal/dsl/acl/ast/AclRelationCS.class
org/vnu/sme/goal/dsl/bpmn/parser/BpmnParser$StartDeclContext.class
org/vnu/sme/goal/dsl/acl/view/AclView.class
org/vnu/sme/goal/dsl/iscn/goalmodelinstance/parser/GoalModelInstanceTranslator$Occurrence.class
org/vnu/sme/goal/translate/aclistarbpmn2eventb/translate/MappingObligationCompiler$Result.class
org/vnu/sme/goal/dsl/istar/ast/ElementBodyCS$ParticipatesCS.class
org/vnu/sme/goal/feature/conformance/StepConformanceForm$1.class
org/vnu/sme/goal/dsl/iscn/parser/IStarScenarioParser$AggAllContext.class
org/vnu/sme/goal/dsl/istar/view/IStarDiagram$6.class
org/vnu/sme/goal/trace/bpmn/BpmnAolTraceFile$TraceFile.class
org/vnu/sme/goal/usegen/UseOutputWriter.class
org/vnu/sme/goal/dsl/acl/ast/AclGroupCS.class
org/vnu/sme/goal/analysis/mapping/SemanticMappingReportWriter.class
org/vnu/sme/goal/dsl/istar/ast/IStarModelCS.class
org/vnu/sme/goal/dsl/istar/parser/IStarParser$RelContributeContext.class
org/vnu/sme/goal/dsl/bpmnscenario/parser/BpmnScenarioParser$ValueContext.class
org/vnu/sme/goal/trace/istartrace/nativeacl/AclSnapshot$ObjectValue.class
org/vnu/sme/goal/dsl/iscn/parser/IStarScenarioParser$FireStmtContext.class
org/vnu/sme/goal/dsl/dcr/mm/DcrRelation.class
org/vnu/sme/goal/verify/aclstate/AclBpmnStateTraceEvaluator$Verdict.class
org/vnu/sme/goal/dsl/bpmn/mm/SequenceFlow.class
org/vnu/sme/goal/dsl/aol/view/AolLayoutBuilder$1.class
org/vnu/sme/goal/verify/conformance/ConformanceVerdict.class
org/vnu/sme/goal/analysis/mapping/SemanticMappingAnalyzer$ActivityInfo.class
org/vnu/sme/goal/dsl/bpmnscenario/parser/BpmnScenarioParser$CompletedStmtContext.class
org/vnu/sme/goal/feature/openacl/AclForm$OpenTarget.class
org/vnu/sme/goal/dsl/aol/ast/AolRoleInstanceCS.class
org/vnu/sme/goal/dsl/bpmn/view/BpmnLayoutBuilder.class
org/vnu/sme/goal/dsl/dcr/view/DcrLayoutBuilder.class
org/vnu/sme/goal/verify/aclstate/AclOclFormulaParser$Property.class
org/vnu/sme/goal/feature/exportaclbpmntoeventb/ActionAclBpmn2EventB.class
org/vnu/sme/goal/feature/aclstate/ActionOpenAclStateEvaluator.class
org/vnu/sme/goal/dsl/acl/mm/AclCardinalityTarget.class
org/vnu/sme/goal/dsl/istar/parser/IStarBaseListener.class
org/vnu/sme/goal/verify/aclstate/AclKodkodSymbolicModel$ScalarAtom.class
org/vnu/sme/goal/dsl/aol/view/AolDiagram.class
org/vnu/sme/goal/dsl/bpmn/parser/BpmnModelFactory.class
org/vnu/sme/goal/trace/bpmn/BpmnAolTraceFile.class
org/vnu/sme/goal/dsl/aol/view/AolEdge.class
org/vnu/sme/goal/translate/aclistarbpmn2eventb/ir/EventBProject$Context.class
org/vnu/sme/goal/dsl/acl/parser/ACLParser$TopLevelDeclContext.class
org/vnu/sme/goal/dsl/bpmnscenario/mm/ScenarioStmt$Active.class
org/vnu/sme/goal/dsl/dcr/view/DcrView$Placement.class
org/vnu/sme/goal/verify/conformance/VisualConformanceSession.class
org/vnu/sme/goal/dsl/aol/state/AclSystemStateCompiler$Result.class
org/vnu/sme/goal/analysis/mapping/SemanticMappingAnalysis$ActivityCoverage.class
org/vnu/sme/goal/dsl/acl/mm/SubGroup.class
org/vnu/sme/goal/dsl/dcr/mm/DcrMarking.class
org/vnu/sme/goal/dsl/istar/mm/NeededBy.class
org/vnu/sme/goal/dsl/bpmn/parser/BpmnCompiler.class
org/vnu/sme/goal/verify/aclstate/AclOclFormulaParser$Binary.class
org/vnu/sme/goal/feature/openbpmn/BpmnForm$OpenTarget.class
org/vnu/sme/goal/dsl/bpmn/parser/BpmnParser$EndDeclContext.class
org/vnu/sme/goal/dsl/istar/parser/IStarParser$BodyGoalContext.class
org/vnu/sme/goal/dsl/acl/mm/RoleInheritance.class
org/vnu/sme/goal/dsl/bpmn/mm/ActivityConstraint$Kind.class
org/vnu/sme/goal/translate/aclistar2use/IStarUseOclFolderService.class
org/vnu/sme/goal/verify/aclstate/AclStateEvaluationSession$StateResult.class
org/vnu/sme/goal/dsl/dcr/ast/RelationKindCS.class
org/vnu/sme/goal/dsl/aol/parser/AOLParser$GroupItemDeclContext.class
org/vnu/sme/goal/dsl/istar/parser/IStarParser$RelOrContext.class
org/vnu/sme/goal/dsl/bpmnscenario/parser/BpmnScenarioParser$RefContext.class
org/vnu/sme/goal/feature/istaruseocl/ActionOpenIStarUseOclFolder.class
org/vnu/sme/goal/translate/aclbpmn2use/BpmnUseOclService.class
org/vnu/sme/goal/dsl/acl/parser/ACLParser$CardinalityContext.class
org/vnu/sme/goal/trace/istartrace/nativeacl/NativeOclEvaluator$Parser.class
org/vnu/sme/goal/dsl/acl/parser/ACLParser$EntityRelationDeclContext.class
org/vnu/sme/goal/dsl/acl/parser/AclModelFactory$Result.class
org/vnu/sme/goal/dsl/bpmn/view/BpmnDiagramNode$ScenarioState.class
org/vnu/sme/goal/dsl/istar/ast/ElementBodyCS$IsACS.class
org/vnu/sme/goal/verify/conformance/AolBpmnTraceRunner$Frame.class
org/vnu/sme/goal/dsl/dcr/parser/DCRParser$MarkPendingContext.class
org/vnu/sme/goal/feature/bpmnoclvalidation/BpmnOclValidationDemoMain.class
org/vnu/sme/goal/dsl/aol/state/AclSystemState$PlayLink.class
org/vnu/sme/goal/dsl/aol/view/AolDiagram$1.class
org/vnu/sme/goal/translate/aclaol2soil/AclAol2SoilTranslator$InstanceRef.class
org/vnu/sme/goal/translate/aclistar2use/IStarUseOclService$Result.class
org/vnu/sme/goal/dsl/bpmn/ast/FlowElementCS$ActivityCS.class
org/vnu/sme/goal/feature/exportaclbpmntoeventb/AclBpmn2EventBMain.class
org/vnu/sme/goal/dsl/acl/view/AclNode.class
org/vnu/sme/goal/dsl/istar/view/IStarViewMode.class
org/vnu/sme/goal/dsl/bpmn/ast/FlowElementCS$GatewayCS.class
org/vnu/sme/goal/dsl/iscn/parser/IStarScenarioVisitor.class
org/vnu/sme/goal/translate/aclistarbpmn2eventb/translate/IStarSatisfactionCompiler$State.class
org/vnu/sme/goal/dsl/istar/mm/GoalActivationGraph.class
org/vnu/sme/goal/verify/aclstate/AclOclFormulaParser$Literal.class
org/vnu/sme/goal/dsl/iscn/parser/IStarScenarioParser$InstanceDeclContext.class
org/vnu/sme/goal/dsl/istar/parser/IStarCompiler.class
org/vnu/sme/goal/feature/istaruseocl/IStarUseOclFolderForm$1.class
org/vnu/sme/goal/translate/aclistar2eventb/AclIStar2EventBService.class
org/vnu/sme/goal/translate/aclistarbpmn2eventb/translate/MappingObligationCompiler$Built.class
org/vnu/sme/goal/feature/istaruseocl/IStarUseOclForm.class
org/vnu/sme/goal/dsl/iscn/ast/IStarScenarioModelCS.class
org/vnu/sme/goal/dsl/acl/mm/AclRoleEntityRelationType.class
org/vnu/sme/goal/feature/conformance/ActionCheckConformance.class
org/vnu/sme/goal/dsl/bpmn/view/BpmnDiagram.class
org/vnu/sme/goal/dsl/bpmnscenario/mm/Value$ListValue.class
org/vnu/sme/goal/dsl/istar/parser/IStarParser$DependumRefContext.class
org/vnu/sme/goal/dsl/istar/view/IStarView$1.class
org/vnu/sme/goal/dsl/bpmn/mm/IntermediateEvent.class
org/vnu/sme/goal/dsl/aol/parser/AolModelFactory$Result.class
org/vnu/sme/goal/verify/aclstate/AclOclFormulaParser.class
org/vnu/sme/goal/dsl/iscn/parser/IStarScenarioModelFactory.class
org/vnu/sme/goal/dsl/dcr/parser/DCRParser$RelResponseContext.class
org/vnu/sme/goal/dsl/bpmnscenario/parser/BpmnScenarioParser$BindStmtContext.class
org/vnu/sme/goal/dsl/acl/view/AclDiagramEdge$Marker.class
org/vnu/sme/goal/dsl/dcr/parser/DCRListener.class
org/vnu/sme/goal/verify/aclstate/AclOclFormulaParser$AtPre.class
org/vnu/sme/goal/dsl/aol/ast/AolModelCS.class
org/vnu/sme/goal/dsl/istar/parser/IStarBaseVisitor.class
org/vnu/sme/goal/dsl/acl/mm/AclRoleRelation.class
org/vnu/sme/goal/dsl/istar/ast/RelCS$QualifiesCS.class
org/vnu/sme/goal/translate/aclistarbpmn2eventb/ir/EventBProject$Event.class
org/vnu/sme/goal/dsl/acl/mm/AclContainment.class
org/vnu/sme/goal/dsl/iscn/parser/IStarScenarioParser$SvFulfilledContext.class
org/vnu/sme/goal/dsl/bpmn/parser/BpmnParser$EventTypeContext.class
org/vnu/sme/goal/verify/conformance/semantics/ComplianceChecker.class
org/vnu/sme/goal/dsl/aol/view/AolSpecText.class
org/vnu/sme/goal/translate/aclistarbpmn2eventb/translate/IStarSatisfactionCompiler$Occurrence.class
org/vnu/sme/goal/dsl/istar/mm/Actor.class
org/vnu/sme/goal/dsl/istar/view/IStarDiagram$8.class
org/vnu/sme/goal/feature/opendcr/DcrForm.class
org/vnu/sme/goal/dsl/bpmn/parser/BpmnParser$GatewayFlowContext.class
org/vnu/sme/goal/dsl/bpmn/view/BpmnNodeKind.class
org/vnu/sme/goal/analysis/mapping/SemanticMappingAnalysis$MappingKind.class
org/vnu/sme/goal/trace/bpmn/BpmnExecutionEngine$Snapshot.class
org/vnu/sme/goal/dsl/bpmnscenario/ast/ScenarioStmtCS$ProcessDeclCS.class
org/vnu/sme/goal/dsl/acl/view/AclEntityNode.class
org/vnu/sme/goal/dsl/istar/parser/IStarBuildingVisitor.class
org/vnu/sme/goal/dsl/istar/ast/IStarOclConstraintCS$Kind.class
org/vnu/sme/goal/feature/istaruseocl/ActionOpenIStarUseOcl.class
org/vnu/sme/goal/dsl/iscn/mm/ScenarioStmt.class
org/vnu/sme/goal/dsl/bpmn/view/BpmnDiagram$4.class
org/vnu/sme/goal/dsl/istar/ast/RelCS$ContributesCS.class
org/vnu/sme/goal/dsl/acl/ast/AclEntityMembershipCS.class
org/vnu/sme/goal/dsl/bpmn/parser/BpmnParser$ActivityDeclContext.class
org/vnu/sme/goal/dsl/iscn/parser/IStarScenarioParser$SvFalseContext.class
org/vnu/sme/goal/verify/aclstate/AclBpmnWholeProcessValidator.class
org/vnu/sme/goal/dsl/acl/view/AclLayout.class
org/vnu/sme/goal/dsl/dcr/view/DcrRelationEdge$1.class
org/vnu/sme/goal/dsl/bpmn/ast/FlowElementCS.class
org/vnu/sme/goal/dsl/dcr/parser/DCRParser$DeadlineContext.class
org/vnu/sme/goal/feature/bpmnscenario/ActionOpenBpmnAolTraceViewer.class
org/vnu/sme/goal/feature/istartrace/BpmnTraceMarkingTableModel.class
org/vnu/sme/goal/dsl/bpmnscenario/parser/BpmnScenarioParser$StmtCompletedContext.class
org/vnu/sme/goal/dsl/bpmnscenario/parser/BpmnScenarioParser$CompOpContext.class
org/vnu/sme/goal/dsl/istar/ast/RelCS.class
org/vnu/sme/goal/dsl/aol/parser/AolModelFactory$Build.class
org/vnu/sme/goal/feature/openistarscenario/IStarScenarioDemoMain.class
org/vnu/sme/goal/feature/aclstate/AclStateEvaluatorForm.class
org/vnu/sme/goal/translate/aclbpmn2use/AclBpmn2UseTranslator$Result.class
org/vnu/sme/goal/dsl/bpmnscenario/mm/ScenarioStmt$Fire.class
org/vnu/sme/goal/feature/aclstate/AclStateEvaluatorForm$1.class
org/vnu/sme/goal/dsl/dcr/parser/DCRCompiler$Result.class
org/vnu/sme/goal/dsl/bpmnscenario/ast/ScenarioStmtCS.class
org/vnu/sme/goal/dsl/acl/ast/AclInvariantCS.class
org/vnu/sme/goal/dsl/acl/view/AclEdge.class
org/vnu/sme/goal/dsl/bpmnscenario/mm/Value$Atom.class
org/vnu/sme/goal/dsl/acl/ocl/AclOclPropertyResolver.class
org/vnu/sme/goal/dsl/iscn/goalmodelinstance/parser/GoalModelInstanceTranslator$OccurrenceKey.class
org/vnu/sme/goal/dsl/bpmn/parser/BpmnParser$MessagePropertyContext.class
org/vnu/sme/goal/dsl/bpmnscenario/mm/BpmnScenarioSnapshot.class
org/vnu/sme/goal/translate/aclistarbpmn2eventb/translate/OclToEventB$Emitter$Res.class
org/vnu/sme/goal/dsl/istar/mm/Resource.class
org/vnu/sme/goal/dsl/aol/state/AclSystemState$AssociationLink.class
org/vnu/sme/goal/verify/aclstate/AclStateEvaluationSession$TruthValue.class
org/vnu/sme/goal/dsl/istar/ast/DependencyCS.class
org/vnu/sme/goal/feature/aclstate/AclStateEvaluatorForm$2.class
org/vnu/sme/goal/dsl/acl/view/AclSpecText.class
org/vnu/sme/goal/dsl/bpmnscenario/parser/BpmnScenarioParser$StmtValueContext.class
org/vnu/sme/goal/trace/usetrace/IStarOclConstraintCompiler$ConstraintInfo.class
org/vnu/sme/goal/dsl/dcr/parser/DCRParser$MarkItemContext.class
org/vnu/sme/goal/translate/aclistarbpmn2eventb/ir/EventBProject$Trace.class
org/vnu/sme/goal/dsl/acl/parser/AclModelFactory.class
org/vnu/sme/goal/dsl/bpmn/mm/Lane.class
org/vnu/sme/goal/dsl/acl/parser/ACLParser$GroupItemContext.class
org/vnu/sme/goal/dsl/iscn/parser/IStarScenarioBuildingVisitor.class
org/vnu/sme/goal/feature/openistarscenario/IStarScenarioForm.class
org/vnu/sme/goal/translate/aclistarbpmn2eventb/ir/EventBProject.class
org/vnu/sme/goal/dsl/istar/parser/IStarParser$DepEndContext.class
org/vnu/sme/goal/dsl/dcr/parser/DCRParser$RelKindContext.class
org/vnu/sme/goal/dsl/bpmnscenario/parser/BpmnScenarioParser$ActorDeclContext.class
org/vnu/sme/goal/translate/aclistarbpmn2eventb/translate/IStarSatisfactionCompiler$RootContract.class
org/vnu/sme/goal/usegen/UseOutputWriter$Written.class
org/vnu/sme/goal/dsl/aol/mm/AolEntityInstance.class
org/vnu/sme/goal/feature/istarusescenario/IStarUseTraceDemoMain.class
org/vnu/sme/goal/dsl/istar/view/IStarDiagramNode.class
org/vnu/sme/goal/dsl/aol/view/AolDiagramEdge.class
org/vnu/sme/goal/dsl/acl/parser/AclCompiler.class
org/vnu/sme/goal/dsl/acl/ast/AclLinkOptionCS.class
org/vnu/sme/goal/dsl/acl/ocl/AclOclState.class
org/vnu/sme/goal/verify/conformance/semantics/GoalMarking$1.class
org/vnu/sme/goal/dsl/iscn/goalmodelinstance/parser/GoalModelInstanceTranslator.class
org/vnu/sme/goal/translate/aclistarbpmn2eventb/translate/AclBpmn2EventBTranslator$ProcessState.class
org/vnu/sme/goal/verify/aclstate/AclStateEvaluationSession.class
org/vnu/sme/goal/dsl/bpmn/view/BpmnDiagram$3.class
org/vnu/sme/goal/dsl/acl/mm/AclRoleEntityRelation.class
org/vnu/sme/goal/dsl/aol/state/AclSystemState.class
org/vnu/sme/goal/dsl/acl/ast/AclRoleMembershipCS.class
org/vnu/sme/goal/dsl/aol/mm/AolPlay.class
org/vnu/sme/goal/dsl/bpmnscenario/mm/ScenarioStmt$Bind.class
org/vnu/sme/goal/dsl/acl/mm/AclModel.class
org/vnu/sme/goal/dsl/dcr/parser/DCRParser$RelIncludeContext.class
org/vnu/sme/goal/dsl/aol/parser/AolModelFactory$1.class
org/vnu/sme/goal/dsl/bpmn/view/BpmnChoreoParticipant.class
org/vnu/sme/goal/dsl/dcr/mm/DcrRelationKind.class
org/vnu/sme/goal/verify/aclstate/AclBpmnStateTraceEvaluator$TraceResult.class
org/vnu/sme/goal/dsl/bpmnscenario/parser/BpmnScenarioModelFactory.class
org/vnu/sme/goal/dsl/dcr/view/DcrDiagramOptions.class
org/vnu/sme/goal/dsl/iscn/parser/IStarScenarioParser$StatusValueContext.class
org/vnu/sme/goal/dsl/acl/mm/AclSubgroupMembership.class
org/vnu/sme/goal/dsl/acl/mm/AclEntityMembership.class
org/vnu/sme/goal/dsl/bpmnscenario/ast/ScenarioStmtCS$BindCS.class
org/vnu/sme/goal/dsl/acl/mm/Compatibility.class
org/vnu/sme/goal/dsl/bpmn/view/BpmnDiagram$2.class
org/vnu/sme/goal/verify/conformance/oracle/IscnOracleComparator.class
org/vnu/sme/goal/dsl/istar/parser/IStarParser$CtHurtContext.class
org/vnu/sme/goal/analysis/mapping/SemanticMappingAnalysis$GoalCoverage.class
org/vnu/sme/goal/dsl/bpmn/ast/ProcessCS.class
org/vnu/sme/goal/dsl/bpmnscenario/parser/BpmnScenarioVisitor.class
org/vnu/sme/goal/dsl/bpmn/parser/BpmnParser$GatewayDeclContext.class
org/vnu/sme/goal/dsl/istar/parser/IStarParser$RelAndContext.class
org/vnu/sme/goal/dsl/dcr/parser/DCRParser$EventStmtContext.class
org/vnu/sme/goal/dsl/bpmn/parser/BpmnParser$ModelContext.class
org/vnu/sme/goal/verify/conformance/semantics/ContributionPolarity.class
org/vnu/sme/goal/translate/aclaol2soil/AclAol2SoilTranslator$InstanceKind.class
org/vnu/sme/goal/dsl/istar/parser/IStarVisitor.class
org/vnu/sme/goal/translate/aclistar2use/IStarUseOclService.class
org/vnu/sme/goal/dsl/aol/mm/AolGroupInstance.class
org/vnu/sme/goal/dsl/bpmn/view/BpmnDiagram$1.class
org/vnu/sme/goal/dsl/dcr/parser/DCRParser$MarkIncludedContext.class
org/vnu/sme/goal/feature/conformance/FormalVerificationForm$1.class
org/vnu/sme/goal/verify/aclstate/AclOclFormulaParser$Kind.class
org/vnu/sme/goal/dsl/iscn/ast/InstanceDeclCS.class
org/vnu/sme/goal/verify/conformance/semantics/Transition.class
org/vnu/sme/goal/dsl/bpmnscenario/mm/Value.class
org/vnu/sme/goal/dsl/aol/parser/AOLListener.class
org/vnu/sme/goal/dsl/istar/mm/AndRefinement.class
org/vnu/sme/goal/dsl/bpmnscenario/mm/NodeOccurrence.class
org/vnu/sme/goal/dsl/dcr/view/DcrDiagram.class
org/vnu/sme/goal/trace/istartrace/IStarTraceStepper.class
org/vnu/sme/goal/translate/aclaol2soil/AclAol2SoilTranslator.class
org/vnu/sme/goal/dsl/istar/parser/IStarParser$GoalTypeNameContext.class
org/vnu/sme/goal/dsl/dcr/parser/DCRParser$ResponseTimeContext.class
org/vnu/sme/goal/translate/acl2use/Acl2UseTranslator$GroupNav.class
org/vnu/sme/goal/dsl/iscn/parser/IStarScenarioParser$SvPendingContext.class
org/vnu/sme/goal/trace/istartrace/nativeacl/NativeOclEvaluator$Env.class
org/vnu/sme/goal/verify/conformance/ScenarioTraceExplorer$Verdict.class
org/vnu/sme/goal/dsl/istar/parser/IStarModelFactory$Relations.class
org/vnu/sme/goal/trace/bpmn/BpmnOclValidationCompiler$Result.class
org/vnu/sme/goal/dsl/acl/mm/RelationKind.class
org/vnu/sme/goal/dsl/iscn/parser/IStarScenarioParser$ScenarioContext.class
org/vnu/sme/goal/dsl/istar/view/IStarLayout.class
org/vnu/sme/goal/feature/openistar/IStarForm.class
org/vnu/sme/goal/dsl/bpmnscenario/parser/BpmnScenarioParser$AssertStmtContext.class
org/vnu/sme/goal/translate/aclistarbpmn2eventb/translate/OclParser.class
org/vnu/sme/goal/dsl/acl/mm/CardinalityConstraint.class
org/vnu/sme/goal/dsl/bpmnscenario/parser/BpmnScenarioParser$CompareExprContext.class
org/vnu/sme/goal/dsl/istar/parser/IStarParser$CtHelpContext.class
org/vnu/sme/goal/dsl/iscn/parser/IStarScenarioCompiler$Result.class
org/vnu/sme/goal/dsl/bpmn/parser/BpmnListener.class
org/vnu/sme/goal/dsl/acl/ast/AclCardinalityCS.class
org/vnu/sme/goal/dsl/acl/parser/ACLParser$InvariantDeclContext.class
org/vnu/sme/goal/dsl/bpmnscenario/parser/BpmnScenarioParser$ByClauseContext.class
org/vnu/sme/goal/verify/conformance/semantics/TaskMarking.class
org/vnu/sme/goal/dsl/istar/parser/IStarParser$ActorBodyContext.class
org/vnu/sme/goal/trace/istartrace/nativeacl/NativeOclEvaluator$Lexer.class
org/vnu/sme/goal/dsl/bpmn/view/BpmnDiagramNode$ContainerKind.class
org/vnu/sme/goal/feature/bpmnscenario/ActionOpenBpmnScenario.class
org/vnu/sme/goal/dsl/dcr/parser/DCRCompiler.class
org/vnu/sme/goal/dsl/acl/view/AclDiagramEdge$1.class
org/vnu/sme/goal/trace/istartrace/nativeacl/NativeOclEvaluator.class
org/vnu/sme/goal/dsl/iscn/parser/IStarScenarioParser$AggModeContext.class
org/vnu/sme/goal/feature/openacl/AclForm.class
org/vnu/sme/goal/translate/acl2eventb/AclToEventBTranslator.class
org/vnu/sme/goal/dsl/dcr/parser/DCRParser.class
org/vnu/sme/goal/translate/aclistar2use/AclIStar2UseTranslator$Result.class
org/vnu/sme/goal/dsl/istar/mm/Task.class
org/vnu/sme/goal/dsl/iscn/parser/IStarScenarioCompiler$1.class
org/vnu/sme/goal/trace/bpmn/BpmnExecutionEngine$RunningStep.class
org/vnu/sme/goal/dsl/iscn/parser/IStarScenarioParser$StmtContext.class
org/vnu/sme/goal/dsl/bpmnscenario/mm/BpmnScenarioModel.class
org/vnu/sme/goal/dsl/bpmnscenario/parser/BpmnScenarioParser$StmtTokenContext.class
org/vnu/sme/goal/verify/aclstate/AclKodkodSymbolicModel.class
org/vnu/sme/goal/dsl/istar/mm/Dependency.class
org/vnu/sme/goal/dsl/bpmnscenario/ast/ValueCS$AtomCS.class
org/vnu/sme/goal/translate/aclistarbpmn2eventb/translate/OclAst$BoolLit.class
org/vnu/sme/goal/analysis/mapping/MappingVerificationPlan.class
org/vnu/sme/goal/feature/openaol/AolForm$OpenTarget.class
org/vnu/sme/goal/dsl/acl/parser/ACLParser$RelationKindContext.class
org/vnu/sme/goal/dsl/acl/parser/ACLVisitor.class
org/vnu/sme/goal/dsl/aol/parser/AOLParser$AttributeValueContext.class
org/vnu/sme/goal/verify/aclstate/AclKodkodSymbolicModel$TypeValue.class
org/vnu/sme/goal/dsl/istar/mm/GoalModelValidator.class
org/vnu/sme/goal/verify/aclstate/AclStateEvaluationSession$ConstraintResult.class
org/vnu/sme/goal/dsl/bpmn/parser/BpmnLexer.class
org/vnu/sme/goal/dsl/bpmnscenario/parser/BpmnScenarioParser$StmtActorContext.class
org/vnu/sme/goal/verify/aclstate/AclOclFormulaParser$Name.class
org/vnu/sme/goal/dsl/istar/parser/IStarParser$RelContext.class
org/vnu/sme/goal/dsl/istar/parser/IStarParser$ActorKindContext.class
org/vnu/sme/goal/verify/conformance/semantics/TaskMarking$1.class
org/vnu/sme/goal/feature/openaol/AolForm.class
org/vnu/sme/goal/dsl/acl/parser/ACLParser$OclTokenContext.class
org/vnu/sme/goal/dsl/istar/mm/ContributionType.class
org/vnu/sme/goal/trace/istartrace/IStarTraceStepper$Step.class
org/vnu/sme/goal/dsl/bpmnscenario/ast/ScenarioStmtCS$FireCS.class
org/vnu/sme/goal/dsl/aol/ast/AolAgentCS.class
org/vnu/sme/goal/dsl/aol/parser/AOLParser$AttributeValueBlockContext.class
org/vnu/sme/goal/verify/conformance/semantics/GoalMarking.class
org/vnu/sme/goal/translate/aclistarbpmn2use/AclBpmnIStarUseOclService$Result.class
org/vnu/sme/goal/verify/conformance/semantics/IStarPropagation.class
org/vnu/sme/goal/dsl/acl/mm/AclInvariant.class
org/vnu/sme/goal/translate/aclbpmn2eventb/AclBpmn2EventBRequest.class
org/vnu/sme/goal/dsl/acl/mm/CardinalityTarget.class
org/vnu/sme/goal/dsl/aol/state/AclSystemStateCompiler$1.class
org/vnu/sme/goal/dsl/acl/parser/AclBuildingVisitor$GroupBuild.class
org/vnu/sme/goal/dsl/dcr/parser/DCRParser$MarkExecutedContext.class
org/vnu/sme/goal/trace/istartrace/nativeacl/NativeOclEvaluator$Expr.class
org/vnu/sme/goal/feature/istartrace/ActionOpenIStarTraceStepper.class
org/vnu/sme/goal/translate/aclistarbpmn2eventb/translate/MappingObligationCompiler.class
org/vnu/sme/goal/dsl/acl/ast/AclSubgroupMembershipCS.class
org/vnu/sme/goal/dsl/acl/ast/AclSourceLocationCS.class
org/vnu/sme/goal/dsl/bpmn/parser/BpmnParser$MessageContext.class
org/vnu/sme/goal/dsl/istar/view/IStarDiagram$7.class
org/vnu/sme/goal/translate/aclistarbpmn2eventb/translate/OclAst$Bin.class
org/vnu/sme/goal/feature/bpmnuseocl/BpmnUseOclForm$1.class
org/vnu/sme/goal/dsl/bpmn/ast/LaneCS.class
org/vnu/sme/goal/trace/istartrace/nativeacl/BpmnTraceIStarMonitor.class
org/vnu/sme/goal/translate/aclistar2use/AclIStar2UseTranslator.class
org/vnu/sme/goal/trace/istartrace/nativeacl/BpmnTraceIStarMonitor$Frame.class
org/vnu/sme/goal/translate/aclaol2soil/AclAol2SoilTranslator$AssociationCatalog.class
org/vnu/sme/goal/trace/bpmn/BpmnOclConstraintCompiler$Result.class
org/vnu/sme/goal/translate/aclaol2soil/AclAol2SoilTranslator$GroupOccurrence.class
org/vnu/sme/goal/dsl/bpmn/view/BpmnLayoutBuilder$ScenarioOccurrence.class
org/vnu/sme/goal/dsl/bpmn/ast/FlowElementCS$IntermediateEventCS.class
org/vnu/sme/goal/dsl/iscn/goalmodelinstance/parser/GoalModelInstanceEvaluation.class
org/vnu/sme/goal/gui/DiagramVisualStyle.class
org/vnu/sme/goal/dsl/bpmnscenario/parser/BpmnScenarioParser$ActiveStmtContext.class
org/vnu/sme/goal/translate/acl2use/Acl2UseTranslator$NavResult.class
org/vnu/sme/goal/dsl/dcr/parser/DCRParser$RelationStmtContext.class
org/vnu/sme/goal/dsl/dcr/parser/DcrModelFactory.class
org/vnu/sme/goal/translate/aclistarbpmn2use/AclBpmnIStar2UseTranslator.class
org/vnu/sme/goal/dsl/bpmnscenario/parser/BpmnScenarioBaseListener.class
org/vnu/sme/goal/dsl/bpmn/parser/BpmnParser$MessageFlowContext.class
org/vnu/sme/goal/dsl/dcr/ast/DcrModelCS.class
org/vnu/sme/goal/feature/openaol/ActionOpenAol.class
org/vnu/sme/goal/dsl/aol/parser/AolCompiler$1.class
org/vnu/sme/goal/dsl/acl/mm/AclRoleInheritance.class
org/vnu/sme/goal/dsl/iscn/parser/IStarScenarioParser.class
org/vnu/sme/goal/feature/istaruseocl/IStarUseOclFolderForm.class
org/vnu/sme/goal/feature/aclstate/AclStateEvaluatorForm$StatusRenderer.class
org/vnu/sme/goal/dsl/aol/parser/AOLParser$TopLevelDeclContext.class
org/vnu/sme/goal/dsl/bpmn/parser/BpmnSemanticValidator$1.class
org/vnu/sme/goal/verify/aclstate/AclOclFormulaParser$Token.class
org/vnu/sme/goal/dsl/istar/mm/Agent.class
org/vnu/sme/goal/dsl/aol/parser/AolCompiler$Result.class
org/vnu/sme/goal/dsl/aol/view/AolView$Placement.class
org/vnu/sme/goal/dsl/acl/parser/ACLParser$EndpointDeclContext.class
org/vnu/sme/goal/verify/conformance/mapping/ConformanceMapping.class
org/vnu/sme/goal/dsl/bpmn/mm/MessageFlow.class
org/vnu/sme/goal/verify/conformance/AolBpmnTraceRunner$Result.class
org/vnu/sme/goal/dsl/acl/view/AclUseViewModel.class
org/vnu/sme/goal/verify/aclstate/AclBpmnBoundary.class
org/vnu/sme/goal/dsl/bpmnscenario/parser/BpmnScenarioParser$ProcessDeclContext.class
org/vnu/sme/goal/dsl/bpmn/parser/BpmnCompiler$1.class
org/vnu/sme/goal/dsl/iscn/parser/IStarScenarioParser$AssignStmtContext.class
org/vnu/sme/goal/trace/usetrace/IStarUseTraceEvaluator$Instantiation.class
org/vnu/sme/goal/dsl/istar/view/IStarEdge.class
org/vnu/sme/goal/dsl/bpmnscenario/parser/BpmnScenarioParser$TokenStmtContext.class
org/vnu/sme/goal/dsl/bpmn/view/BpmnEdge.class
org/vnu/sme/goal/dsl/istar/parser/IStarParser$OclConditionContext.class
org/vnu/sme/goal/dsl/acl/mm/StructuralSpecification.class
org/vnu/sme/goal/gui/DiagramModelBrowser.class
org/vnu/sme/goal/dsl/istar/ast/RelCS$RefineCS.class
org/vnu/sme/goal/dsl/aol/ast/AolEntityInstanceCS.class
org/vnu/sme/goal/dsl/acl/parser/ACLParser$DefaultClauseContext.class
org/vnu/sme/goal/dsl/iscn/mm/AggregateMode.class
org/vnu/sme/goal/dsl/acl/mm/AclCardinality.class
org/vnu/sme/goal/dsl/acl/view/AclUseViewModel$1.class
org/vnu/sme/goal/dsl/dcr/ast/MarkingFlagCS.class
org/vnu/sme/goal/dsl/aol/state/AclSystemState$Kind.class
org/vnu/sme/goal/translate/acl2use/Acl2UseTranslator$ChainHop.class
org/vnu/sme/goal/dsl/acl/mm/AclGeneralization.class
org/vnu/sme/goal/dsl/aol/state/AclSystemStateCompiler.class
org/vnu/sme/goal/dsl/dcr/ast/EventCS.class
org/vnu/sme/goal/dsl/bpmn/mm/Process.class
org/vnu/sme/goal/dsl/aol/parser/AOLParser$ModelContext.class
org/vnu/sme/goal/translate/aclistar2use/IStar2ToclTranslator.class
org/vnu/sme/goal/translate/aclistarbpmn2eventb/EventBExportService.class
org/vnu/sme/goal/feature/openbpmn/ActionOpenBpmn.class
org/vnu/sme/goal/trace/usetrace/IStarOclConstraintCompiler$Result.class
org/vnu/sme/goal/translate/aclbpmn2eventb/AclBpmn2EventBService.class
org/vnu/sme/goal/dsl/istar/parser/IStarParser$RelQualifiesContext.class
org/vnu/sme/goal/feature/exportaclistartoeventb/ActionAclIStar2EventB.class
org/vnu/sme/goal/feature/istartrace/BpmnTraceIStarMonitorForm$StatusCellRenderer.class
org/vnu/sme/goal/trace/istartrace/nativeacl/AclSnapshot.class
org/vnu/sme/goal/feature/istartrace/BpmnTraceMarkingTableModel$Row.class
org/vnu/sme/goal/dsl/bpmnscenario/mm/ScenarioStmt$Assert.class
org/vnu/sme/goal/dsl/istar/view/IStarDiagram$3.class
org/vnu/sme/goal/dsl/istar/parser/IStarParser$GoalConditionContext.class
org/vnu/sme/goal/verify/aclstate/AclIStarSymbolicSemantics$1.class
org/vnu/sme/goal/analysis/mapping/SemanticMappingAnalysis$CoverageStatus.class
org/vnu/sme/goal/dsl/acl/view/AclDiagram$1.class
org/vnu/sme/goal/dsl/bpmn/mm/EndEvent.class
org/vnu/sme/goal/dsl/istar/parser/IStarParser$BodyTaskContext.class
org/vnu/sme/goal/dsl/bpmnscenario/parser/BpmnScenarioParser$StmtProcessContext.class
org/vnu/sme/goal/feature/bpmnscenario/BpmnAolScenarioForm.class
org/vnu/sme/goal/dsl/istar/view/NodeBadge.class
org/vnu/sme/goal/dsl/bpmn/ast/FlowElementCS$EndEventCS.class
org/vnu/sme/goal/translate/aclistar2eventb/AclIStar2EventBRequest.class
org/vnu/sme/goal/dsl/acl/mm/AclCardinalityTargetKind.class
org/vnu/sme/goal/dsl/bpmnscenario/ast/ValueCS.class
org/vnu/sme/goal/trace/bpmn/BpmnAolTraceFile$Step.class
org/vnu/sme/goal/translate/aclistar2use/IStar2ToclTranslator$1.class
org/vnu/sme/goal/dsl/acl/mm/AclSemanticValidator$OwnerIndex.class
org/vnu/sme/goal/dsl/istar/parser/IStarParser$BodyIsAContext.class
org/vnu/sme/goal/trace/usetrace/UseActorClasses.class
org/vnu/sme/goal/dsl/istar/view/IStarDiagramEdge.class
org/vnu/sme/goal/dsl/iscn/view/IStarScenarioView.class
org/vnu/sme/goal/verify/aclstate/AclKodkodSymbolicModel$Environment.class
org/vnu/sme/goal/dsl/istar/ast/ElementBodyCS$GoalCS.class
org/vnu/sme/goal/dsl/istar/parser/IStarParser$BodyResourceContext.class
org/vnu/sme/goal/dsl/acl/view/AclView$Placement.class
org/vnu/sme/goal/translate/aclistarbpmn2eventb/ir/EventBProject$Constant.class
org/vnu/sme/goal/dsl/istar/mm/Quality.class
org/vnu/sme/goal/feature/istartrace/IStarTraceTableModel$Row.class
org/vnu/sme/goal/dsl/iscn/mm/ScenarioInstance.class
org/vnu/sme/goal/feature/exportacltouse/AclToUseDemoMain.class
org/vnu/sme/goal/dsl/bpmnscenario/parser/BpmnScenarioBuildingVisitor.class
org/vnu/sme/goal/verify/conformance/semantics/IStarMarking.class
org/vnu/sme/goal/trace/usetrace/view/IStarUseTraceView$1.class
org/vnu/sme/goal/dsl/iscn/parser/IStarScenarioParser$QualifiedIdContext.class
org/vnu/sme/goal/dsl/istar/parser/IStarParser$BodyQualityContext.class
org/vnu/sme/goal/verify/aclstate/AclOclTransitionEvaluator.class
org/vnu/sme/goal/feature/conformance/ConformanceForm.class
org/vnu/sme/goal/translate/aclistarbpmn2eventb/ir/EventBProject$Assignment.class
org/vnu/sme/goal/trace/usetrace/IStarUseTraceCompiler$InstanceKey.class
org/vnu/sme/goal/dsl/bpmnscenario/ast/QualifiedFlowNodeCS.class
org/vnu/sme/goal/dsl/bpmn/view/BpmnDiagramEdge.class
org/vnu/sme/goal/dsl/istar/parser/IStarCompiler$1.class
org/vnu/sme/goal/feature/opendcr/DcrForm$OpenTarget.class
org/vnu/sme/goal/dsl/dcr/parser/DCRBaseListener.class
org/vnu/sme/goal/verify/aclstate/AclBpmnFlowRuntime$FlowRef.class
org/vnu/sme/goal/dsl/istar/view/IStarDiagramOptions.class
org/vnu/sme/goal/feature/openacl/AclOpenService$Result.class
org/vnu/sme/goal/dsl/acl/mm/AclRelation.class
org/vnu/sme/goal/dsl/acl/view/AclEdgeKind.class
org/vnu/sme/goal/verify/conformance/semantics/ComplianceVerdict.class
org/vnu/sme/goal/dsl/bpmnscenario/parser/BpmnScenarioParser$StmtFireContext.class
org/vnu/sme/goal/dsl/bpmn/ast/MessageCS.class
org/vnu/sme/goal/dsl/aol/parser/AOLParser$GroupInstanceDeclContext.class
org/vnu/sme/goal/dsl/bpmn/parser/BpmnParser$TopElementContext.class
org/vnu/sme/goal/dsl/istar/ast/ElementBodyCS$ResourceCS.class
org/vnu/sme/goal/verify/aclstate/AclBpmnStateTraceEvaluator$StepAlternative.class
org/vnu/sme/goal/dsl/acl/view/AclLayoutBuilder.class
org/vnu/sme/goal/dsl/istar/parser/IStarLexer.class
org/vnu/sme/goal/dsl/bpmn/ast/BpmnModelCS.class
org/vnu/sme/goal/feature/exporteventb/EventBExportMain.class
org/vnu/sme/goal/dsl/aol/parser/AOLBaseVisitor.class
org/vnu/sme/goal/dsl/aol/state/AclSystemState$ObjectValue.class
org/vnu/sme/goal/translate/aclistarbpmn2eventb/translate/IStarSatisfactionCompiler$Result.class
org/vnu/sme/goal/dsl/bpmnscenario/parser/BpmnScenarioCompiler$Result.class
org/vnu/sme/goal/trace/usetrace/IStarUseTraceCompiler.class
org/vnu/sme/goal/dsl/acl/parser/ACLParser$ModelContext.class
org/vnu/sme/goal/dsl/aol/parser/AOLParser$ValueContext.class
org/vnu/sme/goal/dsl/istar/view/IStarDiagram$2.class
org/vnu/sme/goal/dsl/dcr/parser/DCRParser$StatementContext.class
org/vnu/sme/goal/dsl/dcr/parser/DCRParser$ConditionTimeContext.class
org/vnu/sme/goal/trace/usetrace/IStarUseTraceCompiler$OccurrenceKey.class
org/vnu/sme/goal/verify/conformance/semantics/ComplianceResult.class
org/vnu/sme/goal/translate/aclistarbpmn2eventb/translate/OclToEventB$Emitter$Res$Pred.class
org/vnu/sme/goal/dsl/acl/ast/AclRoleCS.class
org/vnu/sme/goal/feature/openbpmn/BpmnValidationMain.class
org/vnu/sme/goal/translate/aclistarbpmn2eventb/translate/AclIStar2EventBTranslator.class
org/vnu/sme/goal/verify/conformance/semantics/BpmnLtsBuilder.class
org/vnu/sme/goal/dsl/acl/parser/AclBuildingVisitor.class
org/vnu/sme/goal/dsl/acl/mm/AclEnum.class
org/vnu/sme/goal/dsl/acl/ocl/AclOclPropertyResolver$Declaration.class
org/vnu/sme/goal/dsl/bpmn/mm/EventTrigger.class
org/vnu/sme/goal/verify/conformance/VisualConformanceSession$Frame.class
org/vnu/sme/goal/dsl/acl/mm/AclScope.class
org/vnu/sme/goal/dsl/bpmnscenario/parser/BpmnScenarioListener.class
org/vnu/sme/goal/dsl/dcr/view/DcrView$1.class
org/vnu/sme/goal/dsl/acl/ast/AclLinkOptionCS$ScopeCS.class
org/vnu/sme/goal/dsl/istar/parser/IStarParser$BodyParticipatesContext.class
org/vnu/sme/goal/trace/bpmn/BpmnPostEffect.class
org/vnu/sme/goal/dsl/istar/ast/RelCS$NeededByCS.class
org/vnu/sme/goal/dsl/istar/mm/GoalType.class
org/vnu/sme/goal/dsl/aol/view/AolDiagramEdge$1.class
org/vnu/sme/goal/dsl/bpmn/parser/BpmnParser.class
org/vnu/sme/goal/feature/istartrace/IStarTraceTableModel.class
org/vnu/sme/goal/feature/exportaclistartoeventb/AclIStar2EventBMain.class
org/vnu/sme/goal/translate/aclistarbpmn2eventb/ir/EventBProject$Predicate.class
org/vnu/sme/goal/dsl/acl/parser/ACLParser.class
org/vnu/sme/goal/feature/istarusescenario/ActionOpenIStarUseScenario.class
org/vnu/sme/goal/trace/usetrace/IStarUseTraceEvaluator.class
org/vnu/sme/goal/dsl/dcr/parser/DCRParser$RelTimeContext.class
org/vnu/sme/goal/dsl/bpmn/parser/BpmnParser$StateClauseContext.class
org/vnu/sme/goal/dsl/bpmn/parser/BpmnParser$DirectionPropertyContext.class
org/vnu/sme/goal/feature/conformance/StepConformanceForm.class
org/vnu/sme/goal/dsl/istar/parser/IStarParser$ActorDefContext.class
org/vnu/sme/goal/dsl/acl/ast/AclLinkOptionCS$ExtendsSubgroupsCS.class
org/vnu/sme/goal/verify/conformance/semantics/QualityStatus.class
org/vnu/sme/goal/trace/bpmn/BpmnExecutionEngine$ChoiceSelector.class
org/vnu/sme/goal/translate/aclistarbpmn2eventb/translate/OclAst$Lit.class
org/vnu/sme/goal/dsl/iscn/view/IStarScenarioViewModel$Built.class
org/vnu/sme/goal/dsl/istar/view/IStarEdgeKind.class
org/vnu/sme/goal/dsl/istar/ast/ElementBodyCS$QualityCS.class
org/vnu/sme/goal/dsl/bpmn/view/BpmnChoreoLayout.class
org/vnu/sme/goal/dsl/acl/mm/AclPrimitiveType.class
org/vnu/sme/goal/feature/openacl/AclDemoMain.class
org/vnu/sme/goal/translate/aclistarbpmn2eventb/translate/OclAst$Dot.class
org/vnu/sme/goal/dsl/istar/view/IStarDiagramEdge$1.class
org/vnu/sme/goal/dsl/istar/mm/GoalTypeRefinementPolicy.class
org/vnu/sme/goal/analysis/mapping/MappingVerificationPlan$Obligation.class
org/vnu/sme/goal/dsl/istar/parser/IStarParser$RelNeededByContext.class
org/vnu/sme/goal/translate/aclistarbpmn2use/AclBpmnIStarUseOclService.class
org/vnu/sme/goal/verify/aclstate/AclBpmnStateTraceEvaluator$Candidate.class
org/vnu/sme/goal/dsl/iscn/parser/IStarScenarioCompiler.class
org/vnu/sme/goal/dsl/acl/mm/AclAttribute.class
org/vnu/sme/goal/dsl/acl/ast/AclEndpointCS.class
org/vnu/sme/goal/translate/aclistarbpmn2eventb/translate/IStarSatisfactionCompiler$AssignmentSpec.class
org/vnu/sme/goal/dsl/iscn/parser/IStarScenarioParser$AggregateStmtContext.class
org/vnu/sme/goal/verify/conformance/AclBpmnIStarConformanceChecker$ExecutionPlan.class
org/vnu/sme/goal/dsl/bpmn/view/BpmnDiagramNode.class
org/vnu/sme/goal/feature/exportacltoeventb/Acl2EventBMain.class
org/vnu/sme/goal/trace/bpmn/BpmnOclConstraintCompiler.class
org/vnu/sme/goal/dsl/dcr/parser/DCRCompiler$1.class
org/vnu/sme/goal/dsl/bpmn/mm/SubProcess.class
org/vnu/sme/goal/feature/bpmnscenario/BpmnAolTraceViewerForm$1.class
org/vnu/sme/goal/dsl/aol/ast/AolGroupInstanceCS.class
org/vnu/sme/goal/dsl/bpmn/ast/FlowElementCS$StartEventCS.class
org/vnu/sme/goal/verify/aclstate/AclOclFormulaParser$Call.class
org/vnu/sme/goal/analysis/mapping/SemanticMappingAnalysis$TaskCoverage.class
org/vnu/sme/goal/dsl/bpmnscenario/parser/BpmnScenarioParser$ValueStmtContext.class
org/vnu/sme/goal/dsl/dcr/parser/DCRParser$MarkingStmtContext.class
org/vnu/sme/goal/dsl/iscn/parser/IStarScenarioLexer.class
org/vnu/sme/goal/dsl/bpmnscenario/parser/BpmnScenarioParser$QualifiedIdContext.class
org/vnu/sme/goal/dsl/iscn/goalmodelinstance/parser/GoalModelInstanceTranslator$ActorBucket.class
org/vnu/sme/goal/feature/openaol/AolDemoMain.class
org/vnu/sme/goal/verify/aclstate/AclBpmnWholeProcessValidator$MappingEntry.class
org/vnu/sme/goal/dsl/bpmnscenario/parser/BpmnScenarioParser$ScenarioContext.class
org/vnu/sme/goal/analysis/mapping/SemanticMappingAnalysis$Severity.class
org/vnu/sme/goal/dsl/acl/parser/ACLBaseListener.class
org/vnu/sme/goal/dsl/bpmnscenario/mm/ScenarioStmt.class
org/vnu/sme/goal/verify/aclstate/AclBpmnFlowRuntime$FlowStep.class
org/vnu/sme/goal/dsl/istar/ast/ElementBodyCS.class
org/vnu/sme/goal/translate/aclistarbpmn2eventb/translate/IStarSatisfactionCompiler$1.class
org/vnu/sme/goal/dsl/istar/mm/IStarOclConstraint.class
org/vnu/sme/goal/translate/acl2eventb/AclToEventBRequest.class
org/vnu/sme/goal/dsl/acl/mm/Cardinality.class
org/vnu/sme/goal/dsl/istar/mm/Association.class
org/vnu/sme/goal/dsl/iscn/parser/IStarScenarioBaseVisitor.class
org/vnu/sme/goal/verify/aclstate/AclKodkodSymbolicModel$ScalarValue.class
org/vnu/sme/goal/dsl/acl/parser/ACLParser$SpecializesClauseContext.class
org/vnu/sme/goal/dsl/bpmn/view/BpmnDiagram$BpmnInputHandling.class
org/vnu/sme/goal/translate/aclaol2soil/AclAol2SoilTranslator$RoleOwnerAssociation.class
org/vnu/sme/goal/dsl/bpmn/view/BpmnLane.class
org/vnu/sme/goal/trace/istartrace/nativeacl/NativeOclEvaluator$Token.class
org/vnu/sme/goal/translate/aclistar2use/IStarUseOclFolderService$Result.class
org/vnu/sme/goal/dsl/aol/view/AolLayoutBuilder.class
org/vnu/sme/goal/dsl/iscn/parser/IStarScenarioParser$SvTrueContext.class
org/vnu/sme/goal/dsl/acl/parser/ACLParser$CompatibilityDeclContext.class
org/vnu/sme/goal/dsl/bpmn/view/BpmnDiagramNode$1.class
org/vnu/sme/goal/trace/usetrace/IStarUseTraceCompiler$Result.class
org/vnu/sme/goal/dsl/dcr/parser/DCRParser$RelConditionContext.class
org/vnu/sme/goal/dsl/bpmnscenario/parser/BpmnScenarioParser$StmtAssertContext.class
org/vnu/sme/goal/dsl/acl/mm/AclEntity.class
org/vnu/sme/goal/dsl/dcr/view/DcrEdge.class
org/vnu/sme/goal/translate/aclistarbpmn2eventb/ir/EventBProject$Machine.class
org/vnu/sme/goal/dsl/dcr/view/DcrRelationEdge.class
org/vnu/sme/goal/dsl/acl/mm/AclGroupMember.class
org/vnu/sme/goal/dsl/bpmn/view/BpmnDiagramOptions.class
org/vnu/sme/goal/dsl/istar/mm/Refinement.class
org/vnu/sme/goal/dsl/iscn/ast/ScenarioStmtCS.class
org/vnu/sme/goal/feature/openistar/ActionOpenIStar.class
org/vnu/sme/goal/dsl/aol/view/AolNodeKind.class
org/vnu/sme/goal/dsl/acl/parser/AclCompiler$1.class
org/vnu/sme/goal/dsl/acl/view/AclDiagramEdge.class
org/vnu/sme/goal/dsl/iscn/ast/QualifiedIdCS.class
org/vnu/sme/goal/translate/aclaol2soil/AclAol2SoilTranslator$GroupOwnerAssociation.class
org/vnu/sme/goal/dsl/acl/parser/ACLParser$RoleDeclContext.class
org/vnu/sme/goal/dsl/dcr/view/DcrNode.class
org/vnu/sme/goal/translate/aclistarbpmn2eventb/translate/AclEventBCompositionSupport.class
org/vnu/sme/goal/verify/aclstate/AclKodkodSymbolicModel$ObjectAtom.class
org/vnu/sme/goal/dsl/dcr/parser/DCRParser$RelMilestoneContext.class
org/vnu/sme/goal/verify/aclstate/AclBpmnFlowRuntime$1.class
org/vnu/sme/goal/verify/aclstate/AclBpmnBoundary$Scope.class
org/vnu/sme/goal/dsl/bpmnscenario/parser/BpmnScenarioParser$StmtContext.class
org/vnu/sme/goal/translate/aclistarbpmn2eventb/translate/OclAst.class
org/vnu/sme/goal/dsl/bpmn/mm/GatewayKind.class
org/vnu/sme/goal/feature/bpmnscenario/BpmnAolScenarioForm$1.class
org/vnu/sme/goal/dsl/acl/ast/AclRoleEntityRelationCS.class
org/vnu/sme/goal/dsl/iscn/goalmodelinstance/parser/GoalModelInstanceTranslator$InstanceContextMatcher.class
org/vnu/sme/goal/dsl/istar/view/IStarDiagram.class
org/vnu/sme/goal/verify/conformance/semantics/GoalTaskStatus.class
org/vnu/sme/goal/dsl/istar/parser/IStarParser$GoalTypeContext.class
org/vnu/sme/goal/verify/conformance/AclBpmnIStarConformanceChecker$ActivityStep.class
org/vnu/sme/goal/dsl/bpmn/ast/MessageFlowCS.class
org/vnu/sme/goal/dsl/dcr/ast/RelationCS.class
org/vnu/sme/goal/translate/acl2use/Acl2UseTranslator$1Pending.class
org/vnu/sme/goal/feature/bpmnuseocl/ActionOpenBpmnUseOcl.class
org/vnu/sme/goal/dsl/bpmn/parser/BpmnParser$PostPropertyContext.class
org/vnu/sme/goal/dsl/istar/view/IStarLayoutBuilder.class
org/vnu/sme/goal/trace/bpmn/BpmnOclContextMapParser.class
org/vnu/sme/goal/trace/bpmn/BpmnAolTraceFile$InstanceTrace.class
org/vnu/sme/goal/dsl/bpmnscenario/parser/BpmnScenarioParser.class
org/vnu/sme/goal/dsl/istar/mm/ContextResolution.class
org/vnu/sme/goal/verify/aclstate/AclBpmnWholeProcessValidator$RouteWork.class
org/vnu/sme/goal/dsl/bpmnscenario/ast/ScenarioStmtCS$ActiveCS.class
org/vnu/sme/goal/dsl/bpmnscenario/ast/ScenarioStmtCS$TokenCS.class
org/vnu/sme/goal/dsl/istar/view/IStarView.class
org/vnu/sme/goal/dsl/acl/parser/ACLParser$AttributeBlockContext.class
org/vnu/sme/goal/dsl/acl/mm/AclGroup.class
org/vnu/sme/goal/dsl/bpmn/view/BpmnChoreoMessage.class
org/vnu/sme/goal/dsl/bpmnscenario/mm/ScenarioStmt$ValueStmt.class
org/vnu/sme/goal/verify/aclstate/AclBpmnWholeProcessValidator$Verdict.class
org/vnu/sme/goal/dsl/acl/parser/AclCompiler$Result.class
org/vnu/sme/goal/dsl/aol/view/AolDiagramEdge$Marker.class
org/vnu/sme/goal/dsl/dcr/view/DcrEventNode.class
org/vnu/sme/goal/dsl/aol/parser/AolModelFactory$Build$InstanceKind.class
org/vnu/sme/goal/dsl/aol/view/AolDiagramNode$1.class
org/vnu/sme/goal/feature/istarusescenario/IStarUseScenarioForm.class
org/vnu/sme/goal/dsl/dcr/parser/DCRVisitor.class
org/vnu/sme/goal/verify/conformance/ScenarioTraceExplorer$Trace.class
org/vnu/sme/goal/dsl/bpmnscenario/parser/BpmnScenarioParser$ListValueContext.class
org/vnu/sme/goal/dsl/acl/mm/AclSemanticValidator.class
org/vnu/sme/goal/dsl/acl/mm/AclRoleMembership.class
org/vnu/sme/goal/dsl/acl/parser/AclModelFactory$SemanticError.class
org/vnu/sme/goal/dsl/acl/ast/AclLinkOptionCS$BidirectionalCS.class
org/vnu/sme/goal/dsl/istar/view/IStarDiagramNode$1.class
org/vnu/sme/goal/dsl/bpmn/mm/CallActivity.class
org/vnu/sme/goal/verify/aclstate/AclOclFormulaParser$Node.class
org/vnu/sme/goal/dsl/bpmn/parser/BpmnParser$PrePropertyContext.class
org/vnu/sme/goal/dsl/bpmn/view/BpmnView.class
org/vnu/sme/goal/dsl/acl/mm/GroupSpecification.class
org/vnu/sme/goal/dsl/bpmnscenario/parser/BpmnScenarioLexer.class
org/vnu/sme/goal/dsl/dcr/view/DcrDiagram$2.class
org/vnu/sme/goal/dsl/iscn/goalmodelinstance/parser/GoalModelInstanceTranslator$Builder.class
org/vnu/sme/goal/dsl/istar/parser/IStarParser$CtBreakContext.class
org/vnu/sme/goal/dsl/bpmn/view/BpmnPool.class
org/vnu/sme/goal/translate/aclistarbpmn2eventb/EventBExportRequest.class
org/vnu/sme/goal/dsl/dcr/parser/DCRLexer.class
org/vnu/sme/goal/verify/conformance/ScenarioTraceExplorer.class
org/vnu/sme/goal/dsl/iscn/view/IStarScenarioViewModel.class
org/vnu/sme/goal/translate/acl2eventb/AclToEventBService.class
org/vnu/sme/goal/verify/conformance/semantics/BpmnMarking.class
org/vnu/sme/goal/dsl/acl/ast/AclEnumCS.class
org/vnu/sme/goal/dsl/bpmnscenario/parser/BpmnScenarioParser$StmtBindContext.class
org/vnu/sme/goal/verify/aclstate/AclBpmnWholeProcessValidator$ProcessResult.class
org/vnu/sme/goal/dsl/acl/view/AclDiagram.class
org/vnu/sme/goal/translate/aclistarbpmn2eventb/translate/OclToEventB$Emitter$Res$Obj.class
org/vnu/sme/goal/dsl/bpmn/parser/BpmnParser$LanePropertyContext.class
org/vnu/sme/goal/dsl/aol/parser/AOLParser$RoleInstanceDeclContext.class
org/vnu/sme/goal/dsl/dcr/ast/MarkingCS.class
org/vnu/sme/goal/dsl/dcr/view/DcrDiagram$1.class
org/vnu/sme/goal/dsl/bpmnscenario/mm/TokenMark.class
org/vnu/sme/goal/dsl/iscn/goalmodelinstance/mm/GoalModelInstance.class
org/vnu/sme/goal/feature/istartrace/BpmnTraceIStarMonitorForm.class
org/vnu/sme/goal/dsl/acl/parser/ACLParser$AttributeModifierContext.class
org/vnu/sme/goal/dsl/aol/parser/AOLBaseListener.class
org/vnu/sme/goal/dsl/bpmn/mm/FlowElement.class
org/vnu/sme/goal/dsl/bpmn/parser/BpmnParser$PoolContext.class
org/vnu/sme/goal/verify/conformance/mapping/ConformanceMappingParser.class
org/vnu/sme/goal/feature/alluseocl/ActionOpenAclBpmnIStarUseOcl.class
org/vnu/sme/goal/dsl/bpmn/parser/BpmnParser$EventDeclContext.class
org/vnu/sme/goal/trace/bpmn/BpmnOclValidationCompiler.class
org/vnu/sme/goal/dsl/aol/mm/AolModel.class
org/vnu/sme/goal/dsl/dcr/ast/MarkingItemCS.class
org/vnu/sme/goal/dsl/bpmn/ast/GatewayFlowCS.class
org/vnu/sme/goal/dsl/iscn/mm/ScenarioStmt$Aggregate.class
org/vnu/sme/goal/dsl/bpmn/parser/BpmnBuildingVisitor.class
org/vnu/sme/goal/dsl/aol/ast/AolLinkCS.class
org/vnu/sme/goal/dsl/aol/parser/AOLParser$AgentDeclContext.class
org/vnu/sme/goal/dsl/bpmn/parser/BpmnBaseVisitor.class
org/vnu/sme/goal/dsl/iscn/goalmodelinstance/parser/GoalModelInstanceTranslator$Binding.class
org/vnu/sme/goal/dsl/bpmn/parser/BpmnCompiler$Result.class
org/vnu/sme/goal/translate/aclistarbpmn2eventb/EventBExportResult.class
org/vnu/sme/goal/dsl/bpmnscenario/parser/BpmnScenarioCompiler.class
org/vnu/sme/goal/dsl/bpmnscenario/ast/ScenarioStmtCS$AssertCS.class
org/vnu/sme/goal/dsl/bpmnscenario/ast/ScenarioStmtCS$CompletedCS.class
org/vnu/sme/goal/dsl/bpmn/mm/Task.class
org/vnu/sme/goal/dsl/istar/view/IStarNodeKind.class
org/vnu/sme/goal/dsl/iscn/ast/ScenarioStmtCS$AssignCS.class
org/vnu/sme/goal/dsl/acl/parser/ACLParser$EntityDeclContext.class
org/vnu/sme/goal/dsl/acl/mm/AclCompatibility.class
org/vnu/sme/goal/dsl/dcr/view/DcrDiagram$3.class
org/vnu/sme/goal/verify/conformance/mapping/ActorMapping.class
org/vnu/sme/goal/dsl/bpmnscenario/mm/ScenarioStmt$Token.class
org/vnu/sme/goal/dsl/istar/ast/IStarOclConstraintCS.class
org/vnu/sme/goal/feature/istartrace/BpmnTraceIStarMonitorForm$1.class
org/vnu/sme/goal/dsl/bpmnscenario/ast/BpmnScenarioModelCS.class
org/vnu/sme/goal/dsl/aol/parser/AolModelFactory$Build$Occurrence.class
org/vnu/sme/goal/dsl/acl/parser/ACLParser$EnumDeclContext.class
org/vnu/sme/goal/dsl/aol/view/AolLayoutBuilder$GroupSubtree.class
org/vnu/sme/goal/gui/DiagramModelBrowser$Entry.class
org/vnu/sme/goal/dsl/aol/ast/AolAttributeValueCS.class
org/vnu/sme/goal/dsl/bpmn/parser/BpmnSemanticValidator.class
org/vnu/sme/goal/analysis/mapping/SemanticMappingAnalyzer$GoalInfo.class
org/vnu/sme/goal/trace/bpmn/BpmnGoalOclCoverageValidator.class
org/vnu/sme/goal/dsl/bpmn/view/BpmnViewMode.class
org/vnu/sme/goal/translate/aclistarbpmn2eventb/translate/OclToEventB$Emitter$Res$Value.class
org/vnu/sme/goal/dsl/dcr/parser/DCRParser$ModelContext.class
org/vnu/sme/goal/dsl/dcr/mm/DcrEvent.class
org/vnu/sme/goal/feature/opendcr/ActionOpenDcr.class
org/vnu/sme/goal/dsl/bpmn/mm/Activity.class
org/vnu/sme/goal/dsl/aol/view/AolLayout.class
org/vnu/sme/goal/dsl/iscn/mm/IStarScenarioModel.class
org/vnu/sme/goal/dsl/iscn/ast/ScenarioStmtCS$AggregateCS.class
org/vnu/sme/goal/verify/conformance/ScenarioTraceExplorer$Assessment.class
org/vnu/sme/goal/dsl/bpmn/parser/BpmnParser$FlowPropertyContext.class
org/vnu/sme/goal/dsl/bpmn/parser/BpmnVisitor.class
org/vnu/sme/goal/Main.class
org/vnu/sme/goal/dsl/acl/ast/AclCompatibilityCS.class
org/vnu/sme/goal/dsl/iscn/parser/IStarScenarioParser$AggAnyContext.class
org/vnu/sme/goal/dsl/istar/mm/Qualification.class
org/vnu/sme/goal/dsl/dcr/mm/DcrModel.class
org/vnu/sme/goal/feature/bpmnscenario/BpmnAolTraceViewerForm.class
org/vnu/sme/goal/dsl/aol/mm/AolLink.class
org/vnu/sme/goal/translate/aclaol2soil/AclAol2SoilTranslator$TranslatedRelation.class
org/vnu/sme/goal/dsl/aol/view/AolView.class
org/vnu/sme/goal/dsl/bpmnscenario/parser/BpmnScenarioBaseVisitor.class
org/vnu/sme/goal/dsl/aol/parser/AOLParser.class
org/vnu/sme/goal/dsl/aol/ast/AolPlayLinkCS.class
