/run/media/qbert/1C8099B8809998BA/code/Lab/USE_spaces/use-goal-BPMN/goal/src/main/java/org/vnu/sme/goal/Main.java
/run/media/qbert/1C8099B8809998BA/code/Lab/USE_spaces/use-goal-BPMN/goal/src/main/java/org/vnu/sme/goal/acl/AclDemoMain.java
/run/media/qbert/1C8099B8809998BA/code/Lab/USE_spaces/use-goal-BPMN/goal/src/main/java/org/vnu/sme/goal/acl/AclToUseDemoMain.java
/run/media/qbert/1C8099B8809998BA/code/Lab/USE_spaces/use-goal-BPMN/goal/src/main/java/org/vnu/sme/goal/acl/action/ActionExportAclToUse.java
/run/media/qbert/1C8099B8809998BA/code/Lab/USE_spaces/use-goal-BPMN/goal/src/main/java/org/vnu/sme/goal/acl/action/ActionOpenAcl.java
/run/media/qbert/1C8099B8809998BA/code/Lab/USE_spaces/use-goal-BPMN/goal/src/main/java/org/vnu/sme/goal/acl/application/AclOpenService.java
/run/media/qbert/1C8099B8809998BA/code/Lab/USE_spaces/use-goal-BPMN/goal/src/main/java/org/vnu/sme/goal/acl/ast/AclAttributeCS.java
/run/media/qbert/1C8099B8809998BA/code/Lab/USE_spaces/use-goal-BPMN/goal/src/main/java/org/vnu/sme/goal/acl/ast/AclCardinalityCS.java
/run/media/qbert/1C8099B8809998BA/code/Lab/USE_spaces/use-goal-BPMN/goal/src/main/java/org/vnu/sme/goal/acl/ast/AclCardinalityConstraintCS.java
/run/media/qbert/1C8099B8809998BA/code/Lab/USE_spaces/use-goal-BPMN/goal/src/main/java/org/vnu/sme/goal/acl/ast/AclCompatibilityCS.java
/run/media/qbert/1C8099B8809998BA/code/Lab/USE_spaces/use-goal-BPMN/goal/src/main/java/org/vnu/sme/goal/acl/ast/AclEndpointCS.java
/run/media/qbert/1C8099B8809998BA/code/Lab/USE_spaces/use-goal-BPMN/goal/src/main/java/org/vnu/sme/goal/acl/ast/AclEntityCS.java
/run/media/qbert/1C8099B8809998BA/code/Lab/USE_spaces/use-goal-BPMN/goal/src/main/java/org/vnu/sme/goal/acl/ast/AclEntityMembershipCS.java
/run/media/qbert/1C8099B8809998BA/code/Lab/USE_spaces/use-goal-BPMN/goal/src/main/java/org/vnu/sme/goal/acl/ast/AclEnumCS.java
/run/media/qbert/1C8099B8809998BA/code/Lab/USE_spaces/use-goal-BPMN/goal/src/main/java/org/vnu/sme/goal/acl/ast/AclGroupCS.java
/run/media/qbert/1C8099B8809998BA/code/Lab/USE_spaces/use-goal-BPMN/goal/src/main/java/org/vnu/sme/goal/acl/ast/AclGroupMemberCS.java
/run/media/qbert/1C8099B8809998BA/code/Lab/USE_spaces/use-goal-BPMN/goal/src/main/java/org/vnu/sme/goal/acl/ast/AclLinkOptionCS.java
/run/media/qbert/1C8099B8809998BA/code/Lab/USE_spaces/use-goal-BPMN/goal/src/main/java/org/vnu/sme/goal/acl/ast/AclModelCS.java
/run/media/qbert/1C8099B8809998BA/code/Lab/USE_spaces/use-goal-BPMN/goal/src/main/java/org/vnu/sme/goal/acl/ast/AclRelationCS.java
/run/media/qbert/1C8099B8809998BA/code/Lab/USE_spaces/use-goal-BPMN/goal/src/main/java/org/vnu/sme/goal/acl/ast/AclRoleCS.java
/run/media/qbert/1C8099B8809998BA/code/Lab/USE_spaces/use-goal-BPMN/goal/src/main/java/org/vnu/sme/goal/acl/ast/AclRoleEntityRelationCS.java
/run/media/qbert/1C8099B8809998BA/code/Lab/USE_spaces/use-goal-BPMN/goal/src/main/java/org/vnu/sme/goal/acl/ast/AclRoleMembershipCS.java
/run/media/qbert/1C8099B8809998BA/code/Lab/USE_spaces/use-goal-BPMN/goal/src/main/java/org/vnu/sme/goal/acl/ast/AclSourceLocationCS.java
/run/media/qbert/1C8099B8809998BA/code/Lab/USE_spaces/use-goal-BPMN/goal/src/main/java/org/vnu/sme/goal/acl/ast/AclSubgroupMembershipCS.java
/run/media/qbert/1C8099B8809998BA/code/Lab/USE_spaces/use-goal-BPMN/goal/src/main/java/org/vnu/sme/goal/acl/gui/AclForm.java
/run/media/qbert/1C8099B8809998BA/code/Lab/USE_spaces/use-goal-BPMN/goal/src/main/java/org/vnu/sme/goal/acl/mm/AclAttribute.java
/run/media/qbert/1C8099B8809998BA/code/Lab/USE_spaces/use-goal-BPMN/goal/src/main/java/org/vnu/sme/goal/acl/mm/AclCardinality.java
/run/media/qbert/1C8099B8809998BA/code/Lab/USE_spaces/use-goal-BPMN/goal/src/main/java/org/vnu/sme/goal/acl/mm/AclCardinalityConstraint.java
/run/media/qbert/1C8099B8809998BA/code/Lab/USE_spaces/use-goal-BPMN/goal/src/main/java/org/vnu/sme/goal/acl/mm/AclCardinalityTarget.java
/run/media/qbert/1C8099B8809998BA/code/Lab/USE_spaces/use-goal-BPMN/goal/src/main/java/org/vnu/sme/goal/acl/mm/AclCardinalityTargetKind.java
/run/media/qbert/1C8099B8809998BA/code/Lab/USE_spaces/use-goal-BPMN/goal/src/main/java/org/vnu/sme/goal/acl/mm/AclCompatibility.java
/run/media/qbert/1C8099B8809998BA/code/Lab/USE_spaces/use-goal-BPMN/goal/src/main/java/org/vnu/sme/goal/acl/mm/AclCompatibilityType.java
/run/media/qbert/1C8099B8809998BA/code/Lab/USE_spaces/use-goal-BPMN/goal/src/main/java/org/vnu/sme/goal/acl/mm/AclDataType.java
/run/media/qbert/1C8099B8809998BA/code/Lab/USE_spaces/use-goal-BPMN/goal/src/main/java/org/vnu/sme/goal/acl/mm/AclEndpoint.java
/run/media/qbert/1C8099B8809998BA/code/Lab/USE_spaces/use-goal-BPMN/goal/src/main/java/org/vnu/sme/goal/acl/mm/AclEntity.java
/run/media/qbert/1C8099B8809998BA/code/Lab/USE_spaces/use-goal-BPMN/goal/src/main/java/org/vnu/sme/goal/acl/mm/AclEntityMembership.java
/run/media/qbert/1C8099B8809998BA/code/Lab/USE_spaces/use-goal-BPMN/goal/src/main/java/org/vnu/sme/goal/acl/mm/AclEnum.java
/run/media/qbert/1C8099B8809998BA/code/Lab/USE_spaces/use-goal-BPMN/goal/src/main/java/org/vnu/sme/goal/acl/mm/AclGeneralization.java
/run/media/qbert/1C8099B8809998BA/code/Lab/USE_spaces/use-goal-BPMN/goal/src/main/java/org/vnu/sme/goal/acl/mm/AclGroup.java
/run/media/qbert/1C8099B8809998BA/code/Lab/USE_spaces/use-goal-BPMN/goal/src/main/java/org/vnu/sme/goal/acl/mm/AclGroupMember.java
/run/media/qbert/1C8099B8809998BA/code/Lab/USE_spaces/use-goal-BPMN/goal/src/main/java/org/vnu/sme/goal/acl/mm/AclModel.java
/run/media/qbert/1C8099B8809998BA/code/Lab/USE_spaces/use-goal-BPMN/goal/src/main/java/org/vnu/sme/goal/acl/mm/AclOwner.java
/run/media/qbert/1C8099B8809998BA/code/Lab/USE_spaces/use-goal-BPMN/goal/src/main/java/org/vnu/sme/goal/acl/mm/AclPrimitiveType.java
/run/media/qbert/1C8099B8809998BA/code/Lab/USE_spaces/use-goal-BPMN/goal/src/main/java/org/vnu/sme/goal/acl/mm/AclRelation.java
/run/media/qbert/1C8099B8809998BA/code/Lab/USE_spaces/use-goal-BPMN/goal/src/main/java/org/vnu/sme/goal/acl/mm/AclRole.java
/run/media/qbert/1C8099B8809998BA/code/Lab/USE_spaces/use-goal-BPMN/goal/src/main/java/org/vnu/sme/goal/acl/mm/AclRoleEntityRelation.java
/run/media/qbert/1C8099B8809998BA/code/Lab/USE_spaces/use-goal-BPMN/goal/src/main/java/org/vnu/sme/goal/acl/mm/AclRoleEntityRelationType.java
/run/media/qbert/1C8099B8809998BA/code/Lab/USE_spaces/use-goal-BPMN/goal/src/main/java/org/vnu/sme/goal/acl/mm/AclRoleInheritance.java
/run/media/qbert/1C8099B8809998BA/code/Lab/USE_spaces/use-goal-BPMN/goal/src/main/java/org/vnu/sme/goal/acl/mm/AclRoleMembership.java
/run/media/qbert/1C8099B8809998BA/code/Lab/USE_spaces/use-goal-BPMN/goal/src/main/java/org/vnu/sme/goal/acl/mm/AclRoleRelation.java
/run/media/qbert/1C8099B8809998BA/code/Lab/USE_spaces/use-goal-BPMN/goal/src/main/java/org/vnu/sme/goal/acl/mm/AclScope.java
/run/media/qbert/1C8099B8809998BA/code/Lab/USE_spaces/use-goal-BPMN/goal/src/main/java/org/vnu/sme/goal/acl/mm/AclSemanticValidator.java
/run/media/qbert/1C8099B8809998BA/code/Lab/USE_spaces/use-goal-BPMN/goal/src/main/java/org/vnu/sme/goal/acl/mm/AclSubgroupMembership.java
/run/media/qbert/1C8099B8809998BA/code/Lab/USE_spaces/use-goal-BPMN/goal/src/main/java/org/vnu/sme/goal/acl/mm/AttributeDefinition.java
/run/media/qbert/1C8099B8809998BA/code/Lab/USE_spaces/use-goal-BPMN/goal/src/main/java/org/vnu/sme/goal/acl/mm/Cardinality.java
/run/media/qbert/1C8099B8809998BA/code/Lab/USE_spaces/use-goal-BPMN/goal/src/main/java/org/vnu/sme/goal/acl/mm/CardinalityConstraint.java
/run/media/qbert/1C8099B8809998BA/code/Lab/USE_spaces/use-goal-BPMN/goal/src/main/java/org/vnu/sme/goal/acl/mm/CardinalityTarget.java
/run/media/qbert/1C8099B8809998BA/code/Lab/USE_spaces/use-goal-BPMN/goal/src/main/java/org/vnu/sme/goal/acl/mm/Compatibility.java
/run/media/qbert/1C8099B8809998BA/code/Lab/USE_spaces/use-goal-BPMN/goal/src/main/java/org/vnu/sme/goal/acl/mm/EntityDefinition.java
/run/media/qbert/1C8099B8809998BA/code/Lab/USE_spaces/use-goal-BPMN/goal/src/main/java/org/vnu/sme/goal/acl/mm/GroupEntity.java
/run/media/qbert/1C8099B8809998BA/code/Lab/USE_spaces/use-goal-BPMN/goal/src/main/java/org/vnu/sme/goal/acl/mm/GroupSpecification.java
/run/media/qbert/1C8099B8809998BA/code/Lab/USE_spaces/use-goal-BPMN/goal/src/main/java/org/vnu/sme/goal/acl/mm/RelationKind.java
/run/media/qbert/1C8099B8809998BA/code/Lab/USE_spaces/use-goal-BPMN/goal/src/main/java/org/vnu/sme/goal/acl/mm/RoleDefinition.java
/run/media/qbert/1C8099B8809998BA/code/Lab/USE_spaces/use-goal-BPMN/goal/src/main/java/org/vnu/sme/goal/acl/mm/RoleEntityRelation.java
/run/media/qbert/1C8099B8809998BA/code/Lab/USE_spaces/use-goal-BPMN/goal/src/main/java/org/vnu/sme/goal/acl/mm/RoleInheritance.java
/run/media/qbert/1C8099B8809998BA/code/Lab/USE_spaces/use-goal-BPMN/goal/src/main/java/org/vnu/sme/goal/acl/mm/RoleRelation.java
/run/media/qbert/1C8099B8809998BA/code/Lab/USE_spaces/use-goal-BPMN/goal/src/main/java/org/vnu/sme/goal/acl/mm/StructuralSpecification.java
/run/media/qbert/1C8099B8809998BA/code/Lab/USE_spaces/use-goal-BPMN/goal/src/main/java/org/vnu/sme/goal/acl/mm/SubGroup.java
/run/media/qbert/1C8099B8809998BA/code/Lab/USE_spaces/use-goal-BPMN/goal/src/main/java/org/vnu/sme/goal/acl/parser/AclBuildingVisitor.java
/run/media/qbert/1C8099B8809998BA/code/Lab/USE_spaces/use-goal-BPMN/goal/src/main/java/org/vnu/sme/goal/acl/parser/AclCompiler.java
/run/media/qbert/1C8099B8809998BA/code/Lab/USE_spaces/use-goal-BPMN/goal/src/main/java/org/vnu/sme/goal/acl/parser/AclModelFactory.java
/run/media/qbert/1C8099B8809998BA/code/Lab/USE_spaces/use-goal-BPMN/goal/src/main/java/org/vnu/sme/goal/acl/use/AclUseTranslator.java
/run/media/qbert/1C8099B8809998BA/code/Lab/USE_spaces/use-goal-BPMN/goal/src/main/java/org/vnu/sme/goal/acl/view/AclDiagram.java
/run/media/qbert/1C8099B8809998BA/code/Lab/USE_spaces/use-goal-BPMN/goal/src/main/java/org/vnu/sme/goal/acl/view/AclDiagramEdge.java
/run/media/qbert/1C8099B8809998BA/code/Lab/USE_spaces/use-goal-BPMN/goal/src/main/java/org/vnu/sme/goal/acl/view/AclDiagramNode.java
/run/media/qbert/1C8099B8809998BA/code/Lab/USE_spaces/use-goal-BPMN/goal/src/main/java/org/vnu/sme/goal/acl/view/AclDiagramOptions.java
/run/media/qbert/1C8099B8809998BA/code/Lab/USE_spaces/use-goal-BPMN/goal/src/main/java/org/vnu/sme/goal/acl/view/AclEdge.java
/run/media/qbert/1C8099B8809998BA/code/Lab/USE_spaces/use-goal-BPMN/goal/src/main/java/org/vnu/sme/goal/acl/view/AclEdgeKind.java
/run/media/qbert/1C8099B8809998BA/code/Lab/USE_spaces/use-goal-BPMN/goal/src/main/java/org/vnu/sme/goal/acl/view/AclEntityNode.java
/run/media/qbert/1C8099B8809998BA/code/Lab/USE_spaces/use-goal-BPMN/goal/src/main/java/org/vnu/sme/goal/acl/view/AclLayout.java
/run/media/qbert/1C8099B8809998BA/code/Lab/USE_spaces/use-goal-BPMN/goal/src/main/java/org/vnu/sme/goal/acl/view/AclLayoutBuilder.java
/run/media/qbert/1C8099B8809998BA/code/Lab/USE_spaces/use-goal-BPMN/goal/src/main/java/org/vnu/sme/goal/acl/view/AclNode.java
/run/media/qbert/1C8099B8809998BA/code/Lab/USE_spaces/use-goal-BPMN/goal/src/main/java/org/vnu/sme/goal/acl/view/AclNodeKind.java
/run/media/qbert/1C8099B8809998BA/code/Lab/USE_spaces/use-goal-BPMN/goal/src/main/java/org/vnu/sme/goal/acl/view/AclSpecText.java
/run/media/qbert/1C8099B8809998BA/code/Lab/USE_spaces/use-goal-BPMN/goal/src/main/java/org/vnu/sme/goal/acl/view/AclUseViewModel.java
/run/media/qbert/1C8099B8809998BA/code/Lab/USE_spaces/use-goal-BPMN/goal/src/main/java/org/vnu/sme/goal/acl/view/AclView.java
/run/media/qbert/1C8099B8809998BA/code/Lab/USE_spaces/use-goal-BPMN/goal/src/main/java/org/vnu/sme/goal/aol/AolDemoMain.java
/run/media/qbert/1C8099B8809998BA/code/Lab/USE_spaces/use-goal-BPMN/goal/src/main/java/org/vnu/sme/goal/aol/action/ActionOpenAol.java
/run/media/qbert/1C8099B8809998BA/code/Lab/USE_spaces/use-goal-BPMN/goal/src/main/java/org/vnu/sme/goal/aol/ast/AolAgentCS.java
/run/media/qbert/1C8099B8809998BA/code/Lab/USE_spaces/use-goal-BPMN/goal/src/main/java/org/vnu/sme/goal/aol/ast/AolAttributeValueCS.java
/run/media/qbert/1C8099B8809998BA/code/Lab/USE_spaces/use-goal-BPMN/goal/src/main/java/org/vnu/sme/goal/aol/ast/AolEntityInstanceCS.java
/run/media/qbert/1C8099B8809998BA/code/Lab/USE_spaces/use-goal-BPMN/goal/src/main/java/org/vnu/sme/goal/aol/ast/AolGroupInstanceCS.java
/run/media/qbert/1C8099B8809998BA/code/Lab/USE_spaces/use-goal-BPMN/goal/src/main/java/org/vnu/sme/goal/aol/ast/AolLinkCS.java
/run/media/qbert/1C8099B8809998BA/code/Lab/USE_spaces/use-goal-BPMN/goal/src/main/java/org/vnu/sme/goal/aol/ast/AolModelCS.java
/run/media/qbert/1C8099B8809998BA/code/Lab/USE_spaces/use-goal-BPMN/goal/src/main/java/org/vnu/sme/goal/aol/ast/AolPlayCS.java
/run/media/qbert/1C8099B8809998BA/code/Lab/USE_spaces/use-goal-BPMN/goal/src/main/java/org/vnu/sme/goal/aol/gui/AolForm.java
/run/media/qbert/1C8099B8809998BA/code/Lab/USE_spaces/use-goal-BPMN/goal/src/main/java/org/vnu/sme/goal/aol/mm/AolEntityInstance.java
/run/media/qbert/1C8099B8809998BA/code/Lab/USE_spaces/use-goal-BPMN/goal/src/main/java/org/vnu/sme/goal/aol/mm/AolGroupInstance.java
/run/media/qbert/1C8099B8809998BA/code/Lab/USE_spaces/use-goal-BPMN/goal/src/main/java/org/vnu/sme/goal/aol/mm/AolLink.java
/run/media/qbert/1C8099B8809998BA/code/Lab/USE_spaces/use-goal-BPMN/goal/src/main/java/org/vnu/sme/goal/aol/mm/AolModel.java
/run/media/qbert/1C8099B8809998BA/code/Lab/USE_spaces/use-goal-BPMN/goal/src/main/java/org/vnu/sme/goal/aol/mm/AolPlay.java
/run/media/qbert/1C8099B8809998BA/code/Lab/USE_spaces/use-goal-BPMN/goal/src/main/java/org/vnu/sme/goal/aol/parser/AOLBuildingVisitor.java
/run/media/qbert/1C8099B8809998BA/code/Lab/USE_spaces/use-goal-BPMN/goal/src/main/java/org/vnu/sme/goal/aol/parser/AolCompiler.java
/run/media/qbert/1C8099B8809998BA/code/Lab/USE_spaces/use-goal-BPMN/goal/src/main/java/org/vnu/sme/goal/aol/parser/AolModelFactory.java
/run/media/qbert/1C8099B8809998BA/code/Lab/USE_spaces/use-goal-BPMN/goal/src/main/java/org/vnu/sme/goal/aol/transform/AolToSoilTransformer.java
/run/media/qbert/1C8099B8809998BA/code/Lab/USE_spaces/use-goal-BPMN/goal/src/main/java/org/vnu/sme/goal/aol/view/AolDiagram.java
/run/media/qbert/1C8099B8809998BA/code/Lab/USE_spaces/use-goal-BPMN/goal/src/main/java/org/vnu/sme/goal/aol/view/AolDiagramEdge.java
/run/media/qbert/1C8099B8809998BA/code/Lab/USE_spaces/use-goal-BPMN/goal/src/main/java/org/vnu/sme/goal/aol/view/AolDiagramNode.java
/run/media/qbert/1C8099B8809998BA/code/Lab/USE_spaces/use-goal-BPMN/goal/src/main/java/org/vnu/sme/goal/aol/view/AolDiagramOptions.java
/run/media/qbert/1C8099B8809998BA/code/Lab/USE_spaces/use-goal-BPMN/goal/src/main/java/org/vnu/sme/goal/aol/view/AolEdge.java
/run/media/qbert/1C8099B8809998BA/code/Lab/USE_spaces/use-goal-BPMN/goal/src/main/java/org/vnu/sme/goal/aol/view/AolEdgeKind.java
/run/media/qbert/1C8099B8809998BA/code/Lab/USE_spaces/use-goal-BPMN/goal/src/main/java/org/vnu/sme/goal/aol/view/AolLayout.java
/run/media/qbert/1C8099B8809998BA/code/Lab/USE_spaces/use-goal-BPMN/goal/src/main/java/org/vnu/sme/goal/aol/view/AolLayoutBuilder.java
/run/media/qbert/1C8099B8809998BA/code/Lab/USE_spaces/use-goal-BPMN/goal/src/main/java/org/vnu/sme/goal/aol/view/AolNode.java
/run/media/qbert/1C8099B8809998BA/code/Lab/USE_spaces/use-goal-BPMN/goal/src/main/java/org/vnu/sme/goal/aol/view/AolNodeKind.java
/run/media/qbert/1C8099B8809998BA/code/Lab/USE_spaces/use-goal-BPMN/goal/src/main/java/org/vnu/sme/goal/aol/view/AolSpecText.java
/run/media/qbert/1C8099B8809998BA/code/Lab/USE_spaces/use-goal-BPMN/goal/src/main/java/org/vnu/sme/goal/aol/view/AolView.java
/run/media/qbert/1C8099B8809998BA/code/Lab/USE_spaces/use-goal-BPMN/goal/src/main/java/org/vnu/sme/goal/bpmn2/Bpmn2ValidationMain.java
/run/media/qbert/1C8099B8809998BA/code/Lab/USE_spaces/use-goal-BPMN/goal/src/main/java/org/vnu/sme/goal/bpmn2/action/ActionOpenBpmn2.java
/run/media/qbert/1C8099B8809998BA/code/Lab/USE_spaces/use-goal-BPMN/goal/src/main/java/org/vnu/sme/goal/bpmn2/ast/ActivityConstraintCS.java
/run/media/qbert/1C8099B8809998BA/code/Lab/USE_spaces/use-goal-BPMN/goal/src/main/java/org/vnu/sme/goal/bpmn2/ast/Bpmn2ModelCS.java
/run/media/qbert/1C8099B8809998BA/code/Lab/USE_spaces/use-goal-BPMN/goal/src/main/java/org/vnu/sme/goal/bpmn2/ast/FlowElementCS.java
/run/media/qbert/1C8099B8809998BA/code/Lab/USE_spaces/use-goal-BPMN/goal/src/main/java/org/vnu/sme/goal/bpmn2/ast/LaneCS.java
/run/media/qbert/1C8099B8809998BA/code/Lab/USE_spaces/use-goal-BPMN/goal/src/main/java/org/vnu/sme/goal/bpmn2/ast/MessageCS.java
/run/media/qbert/1C8099B8809998BA/code/Lab/USE_spaces/use-goal-BPMN/goal/src/main/java/org/vnu/sme/goal/bpmn2/ast/MessageFlowCS.java
/run/media/qbert/1C8099B8809998BA/code/Lab/USE_spaces/use-goal-BPMN/goal/src/main/java/org/vnu/sme/goal/bpmn2/ast/ProcessCS.java
/run/media/qbert/1C8099B8809998BA/code/Lab/USE_spaces/use-goal-BPMN/goal/src/main/java/org/vnu/sme/goal/bpmn2/ast/SequenceFlowCS.java
/run/media/qbert/1C8099B8809998BA/code/Lab/USE_spaces/use-goal-BPMN/goal/src/main/java/org/vnu/sme/goal/bpmn2/execution/Bpmn2ExecutionEngine.java
/run/media/qbert/1C8099B8809998BA/code/Lab/USE_spaces/use-goal-BPMN/goal/src/main/java/org/vnu/sme/goal/bpmn2/gui/Bpmn2Form.java
/run/media/qbert/1C8099B8809998BA/code/Lab/USE_spaces/use-goal-BPMN/goal/src/main/java/org/vnu/sme/goal/bpmn2/mm/Activity.java
/run/media/qbert/1C8099B8809998BA/code/Lab/USE_spaces/use-goal-BPMN/goal/src/main/java/org/vnu/sme/goal/bpmn2/mm/ActivityConstraint.java
/run/media/qbert/1C8099B8809998BA/code/Lab/USE_spaces/use-goal-BPMN/goal/src/main/java/org/vnu/sme/goal/bpmn2/mm/Bpmn2Model.java
/run/media/qbert/1C8099B8809998BA/code/Lab/USE_spaces/use-goal-BPMN/goal/src/main/java/org/vnu/sme/goal/bpmn2/mm/CallActivity.java
/run/media/qbert/1C8099B8809998BA/code/Lab/USE_spaces/use-goal-BPMN/goal/src/main/java/org/vnu/sme/goal/bpmn2/mm/EndEvent.java
/run/media/qbert/1C8099B8809998BA/code/Lab/USE_spaces/use-goal-BPMN/goal/src/main/java/org/vnu/sme/goal/bpmn2/mm/Event.java
/run/media/qbert/1C8099B8809998BA/code/Lab/USE_spaces/use-goal-BPMN/goal/src/main/java/org/vnu/sme/goal/bpmn2/mm/EventDirection.java
/run/media/qbert/1C8099B8809998BA/code/Lab/USE_spaces/use-goal-BPMN/goal/src/main/java/org/vnu/sme/goal/bpmn2/mm/EventTrigger.java
/run/media/qbert/1C8099B8809998BA/code/Lab/USE_spaces/use-goal-BPMN/goal/src/main/java/org/vnu/sme/goal/bpmn2/mm/FlowElement.java
/run/media/qbert/1C8099B8809998BA/code/Lab/USE_spaces/use-goal-BPMN/goal/src/main/java/org/vnu/sme/goal/bpmn2/mm/Gateway.java
/run/media/qbert/1C8099B8809998BA/code/Lab/USE_spaces/use-goal-BPMN/goal/src/main/java/org/vnu/sme/goal/bpmn2/mm/GatewayKind.java
/run/media/qbert/1C8099B8809998BA/code/Lab/USE_spaces/use-goal-BPMN/goal/src/main/java/org/vnu/sme/goal/bpmn2/mm/IntermediateEvent.java
/run/media/qbert/1C8099B8809998BA/code/Lab/USE_spaces/use-goal-BPMN/goal/src/main/java/org/vnu/sme/goal/bpmn2/mm/Lane.java
/run/media/qbert/1C8099B8809998BA/code/Lab/USE_spaces/use-goal-BPMN/goal/src/main/java/org/vnu/sme/goal/bpmn2/mm/Message.java
/run/media/qbert/1C8099B8809998BA/code/Lab/USE_spaces/use-goal-BPMN/goal/src/main/java/org/vnu/sme/goal/bpmn2/mm/MessageFlow.java
/run/media/qbert/1C8099B8809998BA/code/Lab/USE_spaces/use-goal-BPMN/goal/src/main/java/org/vnu/sme/goal/bpmn2/mm/Process.java
/run/media/qbert/1C8099B8809998BA/code/Lab/USE_spaces/use-goal-BPMN/goal/src/main/java/org/vnu/sme/goal/bpmn2/mm/SequenceFlow.java
/run/media/qbert/1C8099B8809998BA/code/Lab/USE_spaces/use-goal-BPMN/goal/src/main/java/org/vnu/sme/goal/bpmn2/mm/StartEvent.java
/run/media/qbert/1C8099B8809998BA/code/Lab/USE_spaces/use-goal-BPMN/goal/src/main/java/org/vnu/sme/goal/bpmn2/mm/SubProcess.java
/run/media/qbert/1C8099B8809998BA/code/Lab/USE_spaces/use-goal-BPMN/goal/src/main/java/org/vnu/sme/goal/bpmn2/mm/Task.java
/run/media/qbert/1C8099B8809998BA/code/Lab/USE_spaces/use-goal-BPMN/goal/src/main/java/org/vnu/sme/goal/bpmn2/ocl/Bpmn2GoalOclCoverageValidator.java
/run/media/qbert/1C8099B8809998BA/code/Lab/USE_spaces/use-goal-BPMN/goal/src/main/java/org/vnu/sme/goal/bpmn2/ocl/Bpmn2OclConstraintCompiler.java
/run/media/qbert/1C8099B8809998BA/code/Lab/USE_spaces/use-goal-BPMN/goal/src/main/java/org/vnu/sme/goal/bpmn2/ocl/Bpmn2OclContextMapParser.java
/run/media/qbert/1C8099B8809998BA/code/Lab/USE_spaces/use-goal-BPMN/goal/src/main/java/org/vnu/sme/goal/bpmn2/ocl/Bpmn2OclValidationCompiler.java
/run/media/qbert/1C8099B8809998BA/code/Lab/USE_spaces/use-goal-BPMN/goal/src/main/java/org/vnu/sme/goal/bpmn2/ocl/Bpmn2OclValidationDemoMain.java
/run/media/qbert/1C8099B8809998BA/code/Lab/USE_spaces/use-goal-BPMN/goal/src/main/java/org/vnu/sme/goal/bpmn2/parser/Bpmn2BuildingVisitor.java
/run/media/qbert/1C8099B8809998BA/code/Lab/USE_spaces/use-goal-BPMN/goal/src/main/java/org/vnu/sme/goal/bpmn2/parser/Bpmn2Compiler.java
/run/media/qbert/1C8099B8809998BA/code/Lab/USE_spaces/use-goal-BPMN/goal/src/main/java/org/vnu/sme/goal/bpmn2/parser/Bpmn2ModelFactory.java
/run/media/qbert/1C8099B8809998BA/code/Lab/USE_spaces/use-goal-BPMN/goal/src/main/java/org/vnu/sme/goal/bpmn2/view/Bpmn2ChoreoLayout.java
/run/media/qbert/1C8099B8809998BA/code/Lab/USE_spaces/use-goal-BPMN/goal/src/main/java/org/vnu/sme/goal/bpmn2/view/Bpmn2ChoreoMessage.java
/run/media/qbert/1C8099B8809998BA/code/Lab/USE_spaces/use-goal-BPMN/goal/src/main/java/org/vnu/sme/goal/bpmn2/view/Bpmn2ChoreoParticipant.java
/run/media/qbert/1C8099B8809998BA/code/Lab/USE_spaces/use-goal-BPMN/goal/src/main/java/org/vnu/sme/goal/bpmn2/view/Bpmn2Diagram.java
/run/media/qbert/1C8099B8809998BA/code/Lab/USE_spaces/use-goal-BPMN/goal/src/main/java/org/vnu/sme/goal/bpmn2/view/Bpmn2DiagramEdge.java
/run/media/qbert/1C8099B8809998BA/code/Lab/USE_spaces/use-goal-BPMN/goal/src/main/java/org/vnu/sme/goal/bpmn2/view/Bpmn2DiagramNode.java
/run/media/qbert/1C8099B8809998BA/code/Lab/USE_spaces/use-goal-BPMN/goal/src/main/java/org/vnu/sme/goal/bpmn2/view/Bpmn2DiagramOptions.java
/run/media/qbert/1C8099B8809998BA/code/Lab/USE_spaces/use-goal-BPMN/goal/src/main/java/org/vnu/sme/goal/bpmn2/view/Bpmn2Edge.java
/run/media/qbert/1C8099B8809998BA/code/Lab/USE_spaces/use-goal-BPMN/goal/src/main/java/org/vnu/sme/goal/bpmn2/view/Bpmn2EdgeKind.java
/run/media/qbert/1C8099B8809998BA/code/Lab/USE_spaces/use-goal-BPMN/goal/src/main/java/org/vnu/sme/goal/bpmn2/view/Bpmn2Lane.java
/run/media/qbert/1C8099B8809998BA/code/Lab/USE_spaces/use-goal-BPMN/goal/src/main/java/org/vnu/sme/goal/bpmn2/view/Bpmn2Layout.java
/run/media/qbert/1C8099B8809998BA/code/Lab/USE_spaces/use-goal-BPMN/goal/src/main/java/org/vnu/sme/goal/bpmn2/view/Bpmn2LayoutBuilder.java
/run/media/qbert/1C8099B8809998BA/code/Lab/USE_spaces/use-goal-BPMN/goal/src/main/java/org/vnu/sme/goal/bpmn2/view/Bpmn2Node.java
/run/media/qbert/1C8099B8809998BA/code/Lab/USE_spaces/use-goal-BPMN/goal/src/main/java/org/vnu/sme/goal/bpmn2/view/Bpmn2NodeKind.java
/run/media/qbert/1C8099B8809998BA/code/Lab/USE_spaces/use-goal-BPMN/goal/src/main/java/org/vnu/sme/goal/bpmn2/view/Bpmn2Pool.java
/run/media/qbert/1C8099B8809998BA/code/Lab/USE_spaces/use-goal-BPMN/goal/src/main/java/org/vnu/sme/goal/bpmn2/view/Bpmn2View.java
/run/media/qbert/1C8099B8809998BA/code/Lab/USE_spaces/use-goal-BPMN/goal/src/main/java/org/vnu/sme/goal/bpmn2/view/Bpmn2ViewMode.java
/run/media/qbert/1C8099B8809998BA/code/Lab/USE_spaces/use-goal-BPMN/goal/src/main/java/org/vnu/sme/goal/bpmn2scenario/Bpmn2ScenarioDemoMain.java
/run/media/qbert/1C8099B8809998BA/code/Lab/USE_spaces/use-goal-BPMN/goal/src/main/java/org/vnu/sme/goal/bpmn2scenario/action/ActionOpenBpmn2Scenario.java
/run/media/qbert/1C8099B8809998BA/code/Lab/USE_spaces/use-goal-BPMN/goal/src/main/java/org/vnu/sme/goal/bpmn2scenario/ast/Bpmn2ScenarioModelCS.java
/run/media/qbert/1C8099B8809998BA/code/Lab/USE_spaces/use-goal-BPMN/goal/src/main/java/org/vnu/sme/goal/bpmn2scenario/ast/QualifiedFlowNodeCS.java
/run/media/qbert/1C8099B8809998BA/code/Lab/USE_spaces/use-goal-BPMN/goal/src/main/java/org/vnu/sme/goal/bpmn2scenario/ast/RefCS.java
/run/media/qbert/1C8099B8809998BA/code/Lab/USE_spaces/use-goal-BPMN/goal/src/main/java/org/vnu/sme/goal/bpmn2scenario/ast/ScenarioStmtCS.java
/run/media/qbert/1C8099B8809998BA/code/Lab/USE_spaces/use-goal-BPMN/goal/src/main/java/org/vnu/sme/goal/bpmn2scenario/ast/ValueCS.java
/run/media/qbert/1C8099B8809998BA/code/Lab/USE_spaces/use-goal-BPMN/goal/src/main/java/org/vnu/sme/goal/bpmn2scenario/gui/Bpmn2ScenarioForm.java
/run/media/qbert/1C8099B8809998BA/code/Lab/USE_spaces/use-goal-BPMN/goal/src/main/java/org/vnu/sme/goal/bpmn2scenario/mm/AssertionResult.java
/run/media/qbert/1C8099B8809998BA/code/Lab/USE_spaces/use-goal-BPMN/goal/src/main/java/org/vnu/sme/goal/bpmn2scenario/mm/Bpmn2ScenarioModel.java
/run/media/qbert/1C8099B8809998BA/code/Lab/USE_spaces/use-goal-BPMN/goal/src/main/java/org/vnu/sme/goal/bpmn2scenario/mm/Bpmn2ScenarioSnapshot.java
/run/media/qbert/1C8099B8809998BA/code/Lab/USE_spaces/use-goal-BPMN/goal/src/main/java/org/vnu/sme/goal/bpmn2scenario/mm/NodeOccurrence.java
/run/media/qbert/1C8099B8809998BA/code/Lab/USE_spaces/use-goal-BPMN/goal/src/main/java/org/vnu/sme/goal/bpmn2scenario/mm/ScenarioStmt.java
/run/media/qbert/1C8099B8809998BA/code/Lab/USE_spaces/use-goal-BPMN/goal/src/main/java/org/vnu/sme/goal/bpmn2scenario/mm/TokenMark.java
/run/media/qbert/1C8099B8809998BA/code/Lab/USE_spaces/use-goal-BPMN/goal/src/main/java/org/vnu/sme/goal/bpmn2scenario/mm/Value.java
/run/media/qbert/1C8099B8809998BA/code/Lab/USE_spaces/use-goal-BPMN/goal/src/main/java/org/vnu/sme/goal/bpmn2scenario/parser/Bpmn2ScenarioBuildingVisitor.java
/run/media/qbert/1C8099B8809998BA/code/Lab/USE_spaces/use-goal-BPMN/goal/src/main/java/org/vnu/sme/goal/bpmn2scenario/parser/Bpmn2ScenarioCompiler.java
/run/media/qbert/1C8099B8809998BA/code/Lab/USE_spaces/use-goal-BPMN/goal/src/main/java/org/vnu/sme/goal/bpmn2scenario/parser/Bpmn2ScenarioModelFactory.java
/run/media/qbert/1C8099B8809998BA/code/Lab/USE_spaces/use-goal-BPMN/goal/src/main/java/org/vnu/sme/goal/conformance/AclBpmnIStarConformanceChecker.java
/run/media/qbert/1C8099B8809998BA/code/Lab/USE_spaces/use-goal-BPMN/goal/src/main/java/org/vnu/sme/goal/conformance/AclBpmnIStarConformanceMain.java
/run/media/qbert/1C8099B8809998BA/code/Lab/USE_spaces/use-goal-BPMN/goal/src/main/java/org/vnu/sme/goal/conformance/ConformanceDemoMain.java
/run/media/qbert/1C8099B8809998BA/code/Lab/USE_spaces/use-goal-BPMN/goal/src/main/java/org/vnu/sme/goal/conformance/ConformanceVerdict.java
/run/media/qbert/1C8099B8809998BA/code/Lab/USE_spaces/use-goal-BPMN/goal/src/main/java/org/vnu/sme/goal/conformance/ProcessConformanceClassifier.java
/run/media/qbert/1C8099B8809998BA/code/Lab/USE_spaces/use-goal-BPMN/goal/src/main/java/org/vnu/sme/goal/conformance/ScenarioTraceExplorer.java
/run/media/qbert/1C8099B8809998BA/code/Lab/USE_spaces/use-goal-BPMN/goal/src/main/java/org/vnu/sme/goal/conformance/VisualConformanceSession.java
/run/media/qbert/1C8099B8809998BA/code/Lab/USE_spaces/use-goal-BPMN/goal/src/main/java/org/vnu/sme/goal/conformance/action/ActionCheckConformance.java
/run/media/qbert/1C8099B8809998BA/code/Lab/USE_spaces/use-goal-BPMN/goal/src/main/java/org/vnu/sme/goal/conformance/action/ActionRunConformanceFlow.java
/run/media/qbert/1C8099B8809998BA/code/Lab/USE_spaces/use-goal-BPMN/goal/src/main/java/org/vnu/sme/goal/conformance/action/ActionStepConformance.java
/run/media/qbert/1C8099B8809998BA/code/Lab/USE_spaces/use-goal-BPMN/goal/src/main/java/org/vnu/sme/goal/conformance/flow/BpmnExecutionSpaceEnumerator.java
/run/media/qbert/1C8099B8809998BA/code/Lab/USE_spaces/use-goal-BPMN/goal/src/main/java/org/vnu/sme/goal/conformance/flow/CompleteConformanceFlowMain.java
/run/media/qbert/1C8099B8809998BA/code/Lab/USE_spaces/use-goal-BPMN/goal/src/main/java/org/vnu/sme/goal/conformance/flow/ConformanceFlowRunner.java
/run/media/qbert/1C8099B8809998BA/code/Lab/USE_spaces/use-goal-BPMN/goal/src/main/java/org/vnu/sme/goal/conformance/gui/ConformanceFlowForm.java
/run/media/qbert/1C8099B8809998BA/code/Lab/USE_spaces/use-goal-BPMN/goal/src/main/java/org/vnu/sme/goal/conformance/gui/ConformanceForm.java
/run/media/qbert/1C8099B8809998BA/code/Lab/USE_spaces/use-goal-BPMN/goal/src/main/java/org/vnu/sme/goal/conformance/gui/StepConformanceForm.java
/run/media/qbert/1C8099B8809998BA/code/Lab/USE_spaces/use-goal-BPMN/goal/src/main/java/org/vnu/sme/goal/conformance/mapping/ActorMapping.java
/run/media/qbert/1C8099B8809998BA/code/Lab/USE_spaces/use-goal-BPMN/goal/src/main/java/org/vnu/sme/goal/conformance/mapping/ConformanceMapping.java
/run/media/qbert/1C8099B8809998BA/code/Lab/USE_spaces/use-goal-BPMN/goal/src/main/java/org/vnu/sme/goal/conformance/mapping/ConformanceMappingParser.java
/run/media/qbert/1C8099B8809998BA/code/Lab/USE_spaces/use-goal-BPMN/goal/src/main/java/org/vnu/sme/goal/conformance/mapping/ElementMapping.java
/run/media/qbert/1C8099B8809998BA/code/Lab/USE_spaces/use-goal-BPMN/goal/src/main/java/org/vnu/sme/goal/conformance/oracle/IscnOracleComparator.java
/run/media/qbert/1C8099B8809998BA/code/Lab/USE_spaces/use-goal-BPMN/goal/src/main/java/org/vnu/sme/goal/conformance/semantics/Bpmn2LtsBuilder.java
/run/media/qbert/1C8099B8809998BA/code/Lab/USE_spaces/use-goal-BPMN/goal/src/main/java/org/vnu/sme/goal/conformance/semantics/BpmnFiring.java
/run/media/qbert/1C8099B8809998BA/code/Lab/USE_spaces/use-goal-BPMN/goal/src/main/java/org/vnu/sme/goal/conformance/semantics/BpmnMarking.java
/run/media/qbert/1C8099B8809998BA/code/Lab/USE_spaces/use-goal-BPMN/goal/src/main/java/org/vnu/sme/goal/conformance/semantics/ComplianceChecker.java
/run/media/qbert/1C8099B8809998BA/code/Lab/USE_spaces/use-goal-BPMN/goal/src/main/java/org/vnu/sme/goal/conformance/semantics/ComplianceResult.java
/run/media/qbert/1C8099B8809998BA/code/Lab/USE_spaces/use-goal-BPMN/goal/src/main/java/org/vnu/sme/goal/conformance/semantics/ComplianceVerdict.java
/run/media/qbert/1C8099B8809998BA/code/Lab/USE_spaces/use-goal-BPMN/goal/src/main/java/org/vnu/sme/goal/conformance/semantics/ContributionPolarity.java
/run/media/qbert/1C8099B8809998BA/code/Lab/USE_spaces/use-goal-BPMN/goal/src/main/java/org/vnu/sme/goal/conformance/semantics/GoalTaskStatus.java
/run/media/qbert/1C8099B8809998BA/code/Lab/USE_spaces/use-goal-BPMN/goal/src/main/java/org/vnu/sme/goal/conformance/semantics/IStarMarking.java
/run/media/qbert/1C8099B8809998BA/code/Lab/USE_spaces/use-goal-BPMN/goal/src/main/java/org/vnu/sme/goal/conformance/semantics/IStarPropagation.java
/run/media/qbert/1C8099B8809998BA/code/Lab/USE_spaces/use-goal-BPMN/goal/src/main/java/org/vnu/sme/goal/conformance/semantics/IllFormedProcessException.java
/run/media/qbert/1C8099B8809998BA/code/Lab/USE_spaces/use-goal-BPMN/goal/src/main/java/org/vnu/sme/goal/conformance/semantics/ProductLts.java
/run/media/qbert/1C8099B8809998BA/code/Lab/USE_spaces/use-goal-BPMN/goal/src/main/java/org/vnu/sme/goal/conformance/semantics/ProductState.java
/run/media/qbert/1C8099B8809998BA/code/Lab/USE_spaces/use-goal-BPMN/goal/src/main/java/org/vnu/sme/goal/conformance/semantics/QualityStatus.java
/run/media/qbert/1C8099B8809998BA/code/Lab/USE_spaces/use-goal-BPMN/goal/src/main/java/org/vnu/sme/goal/conformance/semantics/Transition.java
/run/media/qbert/1C8099B8809998BA/code/Lab/USE_spaces/use-goal-BPMN/goal/src/main/java/org/vnu/sme/goal/dcr/action/ActionOpenDcr.java
/run/media/qbert/1C8099B8809998BA/code/Lab/USE_spaces/use-goal-BPMN/goal/src/main/java/org/vnu/sme/goal/dcr/ast/DcrModelCS.java
/run/media/qbert/1C8099B8809998BA/code/Lab/USE_spaces/use-goal-BPMN/goal/src/main/java/org/vnu/sme/goal/dcr/ast/EventCS.java
/run/media/qbert/1C8099B8809998BA/code/Lab/USE_spaces/use-goal-BPMN/goal/src/main/java/org/vnu/sme/goal/dcr/ast/MarkingCS.java
/run/media/qbert/1C8099B8809998BA/code/Lab/USE_spaces/use-goal-BPMN/goal/src/main/java/org/vnu/sme/goal/dcr/ast/MarkingFlagCS.java
/run/media/qbert/1C8099B8809998BA/code/Lab/USE_spaces/use-goal-BPMN/goal/src/main/java/org/vnu/sme/goal/dcr/ast/MarkingItemCS.java
/run/media/qbert/1C8099B8809998BA/code/Lab/USE_spaces/use-goal-BPMN/goal/src/main/java/org/vnu/sme/goal/dcr/ast/RelationCS.java
/run/media/qbert/1C8099B8809998BA/code/Lab/USE_spaces/use-goal-BPMN/goal/src/main/java/org/vnu/sme/goal/dcr/ast/RelationKindCS.java
/run/media/qbert/1C8099B8809998BA/code/Lab/USE_spaces/use-goal-BPMN/goal/src/main/java/org/vnu/sme/goal/dcr/gui/DcrForm.java
/run/media/qbert/1C8099B8809998BA/code/Lab/USE_spaces/use-goal-BPMN/goal/src/main/java/org/vnu/sme/goal/dcr/mm/DcrEvent.java
/run/media/qbert/1C8099B8809998BA/code/Lab/USE_spaces/use-goal-BPMN/goal/src/main/java/org/vnu/sme/goal/dcr/mm/DcrMarking.java
/run/media/qbert/1C8099B8809998BA/code/Lab/USE_spaces/use-goal-BPMN/goal/src/main/java/org/vnu/sme/goal/dcr/mm/DcrModel.java
/run/media/qbert/1C8099B8809998BA/code/Lab/USE_spaces/use-goal-BPMN/goal/src/main/java/org/vnu/sme/goal/dcr/mm/DcrRelation.java
/run/media/qbert/1C8099B8809998BA/code/Lab/USE_spaces/use-goal-BPMN/goal/src/main/java/org/vnu/sme/goal/dcr/mm/DcrRelationKind.java
/run/media/qbert/1C8099B8809998BA/code/Lab/USE_spaces/use-goal-BPMN/goal/src/main/java/org/vnu/sme/goal/dcr/parser/DCRCompiler.java
/run/media/qbert/1C8099B8809998BA/code/Lab/USE_spaces/use-goal-BPMN/goal/src/main/java/org/vnu/sme/goal/dcr/parser/DcrBuildingVisitor.java
/run/media/qbert/1C8099B8809998BA/code/Lab/USE_spaces/use-goal-BPMN/goal/src/main/java/org/vnu/sme/goal/dcr/parser/DcrModelFactory.java
/run/media/qbert/1C8099B8809998BA/code/Lab/USE_spaces/use-goal-BPMN/goal/src/main/java/org/vnu/sme/goal/dcr/view/DcrDiagram.java
/run/media/qbert/1C8099B8809998BA/code/Lab/USE_spaces/use-goal-BPMN/goal/src/main/java/org/vnu/sme/goal/dcr/view/DcrDiagramOptions.java
/run/media/qbert/1C8099B8809998BA/code/Lab/USE_spaces/use-goal-BPMN/goal/src/main/java/org/vnu/sme/goal/dcr/view/DcrEdge.java
/run/media/qbert/1C8099B8809998BA/code/Lab/USE_spaces/use-goal-BPMN/goal/src/main/java/org/vnu/sme/goal/dcr/view/DcrEventNode.java
/run/media/qbert/1C8099B8809998BA/code/Lab/USE_spaces/use-goal-BPMN/goal/src/main/java/org/vnu/sme/goal/dcr/view/DcrLayout.java
/run/media/qbert/1C8099B8809998BA/code/Lab/USE_spaces/use-goal-BPMN/goal/src/main/java/org/vnu/sme/goal/dcr/view/DcrLayoutBuilder.java
/run/media/qbert/1C8099B8809998BA/code/Lab/USE_spaces/use-goal-BPMN/goal/src/main/java/org/vnu/sme/goal/dcr/view/DcrNode.java
/run/media/qbert/1C8099B8809998BA/code/Lab/USE_spaces/use-goal-BPMN/goal/src/main/java/org/vnu/sme/goal/dcr/view/DcrRelationEdge.java
/run/media/qbert/1C8099B8809998BA/code/Lab/USE_spaces/use-goal-BPMN/goal/src/main/java/org/vnu/sme/goal/dcr/view/DcrView.java
/run/media/qbert/1C8099B8809998BA/code/Lab/USE_spaces/use-goal-BPMN/goal/src/main/java/org/vnu/sme/goal/eventb/EventBExportMain.java
/run/media/qbert/1C8099B8809998BA/code/Lab/USE_spaces/use-goal-BPMN/goal/src/main/java/org/vnu/sme/goal/eventb/EventBExportRequest.java
/run/media/qbert/1C8099B8809998BA/code/Lab/USE_spaces/use-goal-BPMN/goal/src/main/java/org/vnu/sme/goal/eventb/EventBExportResult.java
/run/media/qbert/1C8099B8809998BA/code/Lab/USE_spaces/use-goal-BPMN/goal/src/main/java/org/vnu/sme/goal/eventb/EventBExportService.java
/run/media/qbert/1C8099B8809998BA/code/Lab/USE_spaces/use-goal-BPMN/goal/src/main/java/org/vnu/sme/goal/eventb/action/ActionExportEventB.java
/run/media/qbert/1C8099B8809998BA/code/Lab/USE_spaces/use-goal-BPMN/goal/src/main/java/org/vnu/sme/goal/eventb/ir/EventBProject.java
/run/media/qbert/1C8099B8809998BA/code/Lab/USE_spaces/use-goal-BPMN/goal/src/main/java/org/vnu/sme/goal/eventb/serialize/RodinProjectWriter.java
/run/media/qbert/1C8099B8809998BA/code/Lab/USE_spaces/use-goal-BPMN/goal/src/main/java/org/vnu/sme/goal/eventb/translate/EventBTranslator.java
/run/media/qbert/1C8099B8809998BA/code/Lab/USE_spaces/use-goal-BPMN/goal/src/main/java/org/vnu/sme/goal/eventb/translate/IStarSatisfactionCompiler.java
/run/media/qbert/1C8099B8809998BA/code/Lab/USE_spaces/use-goal-BPMN/goal/src/main/java/org/vnu/sme/goal/eventb/translate/OclToEventB.java
/run/media/qbert/1C8099B8809998BA/code/Lab/USE_spaces/use-goal-BPMN/goal/src/main/java/org/vnu/sme/goal/gui/DiagramModelBrowser.java
/run/media/qbert/1C8099B8809998BA/code/Lab/USE_spaces/use-goal-BPMN/goal/src/main/java/org/vnu/sme/goal/gui/DiagramVisualStyle.java
/run/media/qbert/1C8099B8809998BA/code/Lab/USE_spaces/use-goal-BPMN/goal/src/main/java/org/vnu/sme/goal/iscn/IStarScenarioDemoMain.java
/run/media/qbert/1C8099B8809998BA/code/Lab/USE_spaces/use-goal-BPMN/goal/src/main/java/org/vnu/sme/goal/iscn/action/ActionOpenIStarScenario.java
/run/media/qbert/1C8099B8809998BA/code/Lab/USE_spaces/use-goal-BPMN/goal/src/main/java/org/vnu/sme/goal/iscn/ast/IStarScenarioModelCS.java
/run/media/qbert/1C8099B8809998BA/code/Lab/USE_spaces/use-goal-BPMN/goal/src/main/java/org/vnu/sme/goal/iscn/ast/InstanceDeclCS.java
/run/media/qbert/1C8099B8809998BA/code/Lab/USE_spaces/use-goal-BPMN/goal/src/main/java/org/vnu/sme/goal/iscn/ast/QualifiedIdCS.java
/run/media/qbert/1C8099B8809998BA/code/Lab/USE_spaces/use-goal-BPMN/goal/src/main/java/org/vnu/sme/goal/iscn/ast/ScenarioStmtCS.java
/run/media/qbert/1C8099B8809998BA/code/Lab/USE_spaces/use-goal-BPMN/goal/src/main/java/org/vnu/sme/goal/iscn/goalmodelinstance/mm/GoalModelInstance.java
/run/media/qbert/1C8099B8809998BA/code/Lab/USE_spaces/use-goal-BPMN/goal/src/main/java/org/vnu/sme/goal/iscn/goalmodelinstance/parser/GoalModelInstanceEvaluation.java
/run/media/qbert/1C8099B8809998BA/code/Lab/USE_spaces/use-goal-BPMN/goal/src/main/java/org/vnu/sme/goal/iscn/goalmodelinstance/parser/GoalModelInstanceTranslator.java
/run/media/qbert/1C8099B8809998BA/code/Lab/USE_spaces/use-goal-BPMN/goal/src/main/java/org/vnu/sme/goal/iscn/gui/IStarScenarioForm.java
/run/media/qbert/1C8099B8809998BA/code/Lab/USE_spaces/use-goal-BPMN/goal/src/main/java/org/vnu/sme/goal/iscn/mm/AggregateMode.java
/run/media/qbert/1C8099B8809998BA/code/Lab/USE_spaces/use-goal-BPMN/goal/src/main/java/org/vnu/sme/goal/iscn/mm/AggregateResult.java
/run/media/qbert/1C8099B8809998BA/code/Lab/USE_spaces/use-goal-BPMN/goal/src/main/java/org/vnu/sme/goal/iscn/mm/IStarScenarioModel.java
/run/media/qbert/1C8099B8809998BA/code/Lab/USE_spaces/use-goal-BPMN/goal/src/main/java/org/vnu/sme/goal/iscn/mm/ScenarioInstance.java
/run/media/qbert/1C8099B8809998BA/code/Lab/USE_spaces/use-goal-BPMN/goal/src/main/java/org/vnu/sme/goal/iscn/mm/ScenarioStmt.java
/run/media/qbert/1C8099B8809998BA/code/Lab/USE_spaces/use-goal-BPMN/goal/src/main/java/org/vnu/sme/goal/iscn/parser/IStarScenarioBuildingVisitor.java
/run/media/qbert/1C8099B8809998BA/code/Lab/USE_spaces/use-goal-BPMN/goal/src/main/java/org/vnu/sme/goal/iscn/parser/IStarScenarioCompiler.java
/run/media/qbert/1C8099B8809998BA/code/Lab/USE_spaces/use-goal-BPMN/goal/src/main/java/org/vnu/sme/goal/iscn/parser/IStarScenarioModelFactory.java
/run/media/qbert/1C8099B8809998BA/code/Lab/USE_spaces/use-goal-BPMN/goal/src/main/java/org/vnu/sme/goal/iscn/view/IStarScenarioView.java
/run/media/qbert/1C8099B8809998BA/code/Lab/USE_spaces/use-goal-BPMN/goal/src/main/java/org/vnu/sme/goal/iscn/view/IStarScenarioViewModel.java
/run/media/qbert/1C8099B8809998BA/code/Lab/USE_spaces/use-goal-BPMN/goal/src/main/java/org/vnu/sme/goal/istar/action/ActionOpenIStar.java
/run/media/qbert/1C8099B8809998BA/code/Lab/USE_spaces/use-goal-BPMN/goal/src/main/java/org/vnu/sme/goal/istar/ast/ActorDefCS.java
/run/media/qbert/1C8099B8809998BA/code/Lab/USE_spaces/use-goal-BPMN/goal/src/main/java/org/vnu/sme/goal/istar/ast/DependencyCS.java
/run/media/qbert/1C8099B8809998BA/code/Lab/USE_spaces/use-goal-BPMN/goal/src/main/java/org/vnu/sme/goal/istar/ast/ElementBodyCS.java
/run/media/qbert/1C8099B8809998BA/code/Lab/USE_spaces/use-goal-BPMN/goal/src/main/java/org/vnu/sme/goal/istar/ast/IStarModelCS.java
/run/media/qbert/1C8099B8809998BA/code/Lab/USE_spaces/use-goal-BPMN/goal/src/main/java/org/vnu/sme/goal/istar/ast/IStarOclConstraintCS.java
/run/media/qbert/1C8099B8809998BA/code/Lab/USE_spaces/use-goal-BPMN/goal/src/main/java/org/vnu/sme/goal/istar/ast/RelCS.java
/run/media/qbert/1C8099B8809998BA/code/Lab/USE_spaces/use-goal-BPMN/goal/src/main/java/org/vnu/sme/goal/istar/gui/IStarForm.java
/run/media/qbert/1C8099B8809998BA/code/Lab/USE_spaces/use-goal-BPMN/goal/src/main/java/org/vnu/sme/goal/istar/mm/Actor.java
/run/media/qbert/1C8099B8809998BA/code/Lab/USE_spaces/use-goal-BPMN/goal/src/main/java/org/vnu/sme/goal/istar/mm/Agent.java
/run/media/qbert/1C8099B8809998BA/code/Lab/USE_spaces/use-goal-BPMN/goal/src/main/java/org/vnu/sme/goal/istar/mm/AndRefinement.java
/run/media/qbert/1C8099B8809998BA/code/Lab/USE_spaces/use-goal-BPMN/goal/src/main/java/org/vnu/sme/goal/istar/mm/AssocKind.java
/run/media/qbert/1C8099B8809998BA/code/Lab/USE_spaces/use-goal-BPMN/goal/src/main/java/org/vnu/sme/goal/istar/mm/Association.java
/run/media/qbert/1C8099B8809998BA/code/Lab/USE_spaces/use-goal-BPMN/goal/src/main/java/org/vnu/sme/goal/istar/mm/ConcreteIntentionalElement.java
/run/media/qbert/1C8099B8809998BA/code/Lab/USE_spaces/use-goal-BPMN/goal/src/main/java/org/vnu/sme/goal/istar/mm/Contribution.java
/run/media/qbert/1C8099B8809998BA/code/Lab/USE_spaces/use-goal-BPMN/goal/src/main/java/org/vnu/sme/goal/istar/mm/ContributionType.java
/run/media/qbert/1C8099B8809998BA/code/Lab/USE_spaces/use-goal-BPMN/goal/src/main/java/org/vnu/sme/goal/istar/mm/Dependency.java
/run/media/qbert/1C8099B8809998BA/code/Lab/USE_spaces/use-goal-BPMN/goal/src/main/java/org/vnu/sme/goal/istar/mm/ForRefinement.java
/run/media/qbert/1C8099B8809998BA/code/Lab/USE_spaces/use-goal-BPMN/goal/src/main/java/org/vnu/sme/goal/istar/mm/Goal.java
/run/media/qbert/1C8099B8809998BA/code/Lab/USE_spaces/use-goal-BPMN/goal/src/main/java/org/vnu/sme/goal/istar/mm/GoalModel.java
/run/media/qbert/1C8099B8809998BA/code/Lab/USE_spaces/use-goal-BPMN/goal/src/main/java/org/vnu/sme/goal/istar/mm/GoalModelValidator.java
/run/media/qbert/1C8099B8809998BA/code/Lab/USE_spaces/use-goal-BPMN/goal/src/main/java/org/vnu/sme/goal/istar/mm/GoalTaskElement.java
/run/media/qbert/1C8099B8809998BA/code/Lab/USE_spaces/use-goal-BPMN/goal/src/main/java/org/vnu/sme/goal/istar/mm/GoalType.java
/run/media/qbert/1C8099B8809998BA/code/Lab/USE_spaces/use-goal-BPMN/goal/src/main/java/org/vnu/sme/goal/istar/mm/IStarOclConstraint.java
/run/media/qbert/1C8099B8809998BA/code/Lab/USE_spaces/use-goal-BPMN/goal/src/main/java/org/vnu/sme/goal/istar/mm/IntentionalElement.java
/run/media/qbert/1C8099B8809998BA/code/Lab/USE_spaces/use-goal-BPMN/goal/src/main/java/org/vnu/sme/goal/istar/mm/NeededBy.java
/run/media/qbert/1C8099B8809998BA/code/Lab/USE_spaces/use-goal-BPMN/goal/src/main/java/org/vnu/sme/goal/istar/mm/Obstacle.java
/run/media/qbert/1C8099B8809998BA/code/Lab/USE_spaces/use-goal-BPMN/goal/src/main/java/org/vnu/sme/goal/istar/mm/ObstacleType.java
/run/media/qbert/1C8099B8809998BA/code/Lab/USE_spaces/use-goal-BPMN/goal/src/main/java/org/vnu/sme/goal/istar/mm/Obstruction.java
/run/media/qbert/1C8099B8809998BA/code/Lab/USE_spaces/use-goal-BPMN/goal/src/main/java/org/vnu/sme/goal/istar/mm/OrRefinement.java
/run/media/qbert/1C8099B8809998BA/code/Lab/USE_spaces/use-goal-BPMN/goal/src/main/java/org/vnu/sme/goal/istar/mm/ParameterRefinement.java
/run/media/qbert/1C8099B8809998BA/code/Lab/USE_spaces/use-goal-BPMN/goal/src/main/java/org/vnu/sme/goal/istar/mm/PickRefinement.java
/run/media/qbert/1C8099B8809998BA/code/Lab/USE_spaces/use-goal-BPMN/goal/src/main/java/org/vnu/sme/goal/istar/mm/Qualification.java
/run/media/qbert/1C8099B8809998BA/code/Lab/USE_spaces/use-goal-BPMN/goal/src/main/java/org/vnu/sme/goal/istar/mm/Quality.java
/run/media/qbert/1C8099B8809998BA/code/Lab/USE_spaces/use-goal-BPMN/goal/src/main/java/org/vnu/sme/goal/istar/mm/Refinement.java
/run/media/qbert/1C8099B8809998BA/code/Lab/USE_spaces/use-goal-BPMN/goal/src/main/java/org/vnu/sme/goal/istar/mm/Resolution.java
/run/media/qbert/1C8099B8809998BA/code/Lab/USE_spaces/use-goal-BPMN/goal/src/main/java/org/vnu/sme/goal/istar/mm/Resource.java
/run/media/qbert/1C8099B8809998BA/code/Lab/USE_spaces/use-goal-BPMN/goal/src/main/java/org/vnu/sme/goal/istar/mm/Role.java
/run/media/qbert/1C8099B8809998BA/code/Lab/USE_spaces/use-goal-BPMN/goal/src/main/java/org/vnu/sme/goal/istar/mm/Task.java
/run/media/qbert/1C8099B8809998BA/code/Lab/USE_spaces/use-goal-BPMN/goal/src/main/java/org/vnu/sme/goal/istar/parser/IStarBuildingVisitor.java
/run/media/qbert/1C8099B8809998BA/code/Lab/USE_spaces/use-goal-BPMN/goal/src/main/java/org/vnu/sme/goal/istar/parser/IStarCompiler.java
/run/media/qbert/1C8099B8809998BA/code/Lab/USE_spaces/use-goal-BPMN/goal/src/main/java/org/vnu/sme/goal/istar/parser/IStarModelFactory.java
/run/media/qbert/1C8099B8809998BA/code/Lab/USE_spaces/use-goal-BPMN/goal/src/main/java/org/vnu/sme/goal/istar/view/IStarDiagram.java
/run/media/qbert/1C8099B8809998BA/code/Lab/USE_spaces/use-goal-BPMN/goal/src/main/java/org/vnu/sme/goal/istar/view/IStarDiagramEdge.java
/run/media/qbert/1C8099B8809998BA/code/Lab/USE_spaces/use-goal-BPMN/goal/src/main/java/org/vnu/sme/goal/istar/view/IStarDiagramNode.java
/run/media/qbert/1C8099B8809998BA/code/Lab/USE_spaces/use-goal-BPMN/goal/src/main/java/org/vnu/sme/goal/istar/view/IStarDiagramOptions.java
/run/media/qbert/1C8099B8809998BA/code/Lab/USE_spaces/use-goal-BPMN/goal/src/main/java/org/vnu/sme/goal/istar/view/IStarEdge.java
/run/media/qbert/1C8099B8809998BA/code/Lab/USE_spaces/use-goal-BPMN/goal/src/main/java/org/vnu/sme/goal/istar/view/IStarEdgeKind.java
/run/media/qbert/1C8099B8809998BA/code/Lab/USE_spaces/use-goal-BPMN/goal/src/main/java/org/vnu/sme/goal/istar/view/IStarLayout.java
/run/media/qbert/1C8099B8809998BA/code/Lab/USE_spaces/use-goal-BPMN/goal/src/main/java/org/vnu/sme/goal/istar/view/IStarLayoutBuilder.java
/run/media/qbert/1C8099B8809998BA/code/Lab/USE_spaces/use-goal-BPMN/goal/src/main/java/org/vnu/sme/goal/istar/view/IStarNode.java
/run/media/qbert/1C8099B8809998BA/code/Lab/USE_spaces/use-goal-BPMN/goal/src/main/java/org/vnu/sme/goal/istar/view/IStarNodeKind.java
/run/media/qbert/1C8099B8809998BA/code/Lab/USE_spaces/use-goal-BPMN/goal/src/main/java/org/vnu/sme/goal/istar/view/IStarSpecText.java
/run/media/qbert/1C8099B8809998BA/code/Lab/USE_spaces/use-goal-BPMN/goal/src/main/java/org/vnu/sme/goal/istar/view/IStarView.java
/run/media/qbert/1C8099B8809998BA/code/Lab/USE_spaces/use-goal-BPMN/goal/src/main/java/org/vnu/sme/goal/istar/view/IStarViewMode.java
/run/media/qbert/1C8099B8809998BA/code/Lab/USE_spaces/use-goal-BPMN/goal/src/main/java/org/vnu/sme/goal/istar/view/NodeBadge.java
/run/media/qbert/1C8099B8809998BA/code/Lab/USE_spaces/use-goal-BPMN/goal/src/main/java/org/vnu/sme/goal/istarusebridge/ContextResolution.java
/run/media/qbert/1C8099B8809998BA/code/Lab/USE_spaces/use-goal-BPMN/goal/src/main/java/org/vnu/sme/goal/istarusebridge/IStarOclConstraintCompiler.java
/run/media/qbert/1C8099B8809998BA/code/Lab/USE_spaces/use-goal-BPMN/goal/src/main/java/org/vnu/sme/goal/istarusebridge/IStarUseTraceCompiler.java
/run/media/qbert/1C8099B8809998BA/code/Lab/USE_spaces/use-goal-BPMN/goal/src/main/java/org/vnu/sme/goal/istarusebridge/IStarUseTraceDemoMain.java
/run/media/qbert/1C8099B8809998BA/code/Lab/USE_spaces/use-goal-BPMN/goal/src/main/java/org/vnu/sme/goal/istarusebridge/IStarUseTraceEvaluator.java
/run/media/qbert/1C8099B8809998BA/code/Lab/USE_spaces/use-goal-BPMN/goal/src/main/java/org/vnu/sme/goal/istarusebridge/UseActorClasses.java
/run/media/qbert/1C8099B8809998BA/code/Lab/USE_spaces/use-goal-BPMN/goal/src/main/java/org/vnu/sme/goal/istarusebridge/action/ActionOpenIStarUseScenario.java
/run/media/qbert/1C8099B8809998BA/code/Lab/USE_spaces/use-goal-BPMN/goal/src/main/java/org/vnu/sme/goal/istarusebridge/gui/IStarUseScenarioForm.java
/run/media/qbert/1C8099B8809998BA/code/Lab/USE_spaces/use-goal-BPMN/goal/src/main/java/org/vnu/sme/goal/istarusebridge/view/IStarUseTraceView.java
/run/media/qbert/1C8099B8809998BA/code/Lab/USE_spaces/use-goal-BPMN/goal/src/main/java/org/vnu/sme/goal/verification/action/ActionOpenFormalVerification.java
/run/media/qbert/1C8099B8809998BA/code/Lab/USE_spaces/use-goal-BPMN/goal/src/main/java/org/vnu/sme/goal/verification/gui/FormalVerificationForm.java
/run/media/qbert/1C8099B8809998BA/code/Lab/USE_spaces/use-goal-BPMN/goal/target-maven/generated-sources/antlr4/ACLBaseListener.java
/run/media/qbert/1C8099B8809998BA/code/Lab/USE_spaces/use-goal-BPMN/goal/target-maven/generated-sources/antlr4/ACLBaseVisitor.java
/run/media/qbert/1C8099B8809998BA/code/Lab/USE_spaces/use-goal-BPMN/goal/target-maven/generated-sources/antlr4/ACLLexer.java
/run/media/qbert/1C8099B8809998BA/code/Lab/USE_spaces/use-goal-BPMN/goal/target-maven/generated-sources/antlr4/ACLListener.java
/run/media/qbert/1C8099B8809998BA/code/Lab/USE_spaces/use-goal-BPMN/goal/target-maven/generated-sources/antlr4/ACLParser.java
/run/media/qbert/1C8099B8809998BA/code/Lab/USE_spaces/use-goal-BPMN/goal/target-maven/generated-sources/antlr4/ACLVisitor.java
/run/media/qbert/1C8099B8809998BA/code/Lab/USE_spaces/use-goal-BPMN/goal/target-maven/generated-sources/antlr4/AOLBaseListener.java
/run/media/qbert/1C8099B8809998BA/code/Lab/USE_spaces/use-goal-BPMN/goal/target-maven/generated-sources/antlr4/AOLBaseVisitor.java
/run/media/qbert/1C8099B8809998BA/code/Lab/USE_spaces/use-goal-BPMN/goal/target-maven/generated-sources/antlr4/AOLLexer.java
/run/media/qbert/1C8099B8809998BA/code/Lab/USE_spaces/use-goal-BPMN/goal/target-maven/generated-sources/antlr4/AOLListener.java
/run/media/qbert/1C8099B8809998BA/code/Lab/USE_spaces/use-goal-BPMN/goal/target-maven/generated-sources/antlr4/AOLParser.java
/run/media/qbert/1C8099B8809998BA/code/Lab/USE_spaces/use-goal-BPMN/goal/target-maven/generated-sources/antlr4/AOLVisitor.java
/run/media/qbert/1C8099B8809998BA/code/Lab/USE_spaces/use-goal-BPMN/goal/target-maven/generated-sources/antlr4/Bpmn2BaseListener.java
/run/media/qbert/1C8099B8809998BA/code/Lab/USE_spaces/use-goal-BPMN/goal/target-maven/generated-sources/antlr4/Bpmn2BaseVisitor.java
/run/media/qbert/1C8099B8809998BA/code/Lab/USE_spaces/use-goal-BPMN/goal/target-maven/generated-sources/antlr4/Bpmn2Lexer.java
/run/media/qbert/1C8099B8809998BA/code/Lab/USE_spaces/use-goal-BPMN/goal/target-maven/generated-sources/antlr4/Bpmn2Listener.java
/run/media/qbert/1C8099B8809998BA/code/Lab/USE_spaces/use-goal-BPMN/goal/target-maven/generated-sources/antlr4/Bpmn2Parser.java
/run/media/qbert/1C8099B8809998BA/code/Lab/USE_spaces/use-goal-BPMN/goal/target-maven/generated-sources/antlr4/Bpmn2ScenarioBaseListener.java
/run/media/qbert/1C8099B8809998BA/code/Lab/USE_spaces/use-goal-BPMN/goal/target-maven/generated-sources/antlr4/Bpmn2ScenarioBaseVisitor.java
/run/media/qbert/1C8099B8809998BA/code/Lab/USE_spaces/use-goal-BPMN/goal/target-maven/generated-sources/antlr4/Bpmn2ScenarioLexer.java
/run/media/qbert/1C8099B8809998BA/code/Lab/USE_spaces/use-goal-BPMN/goal/target-maven/generated-sources/antlr4/Bpmn2ScenarioListener.java
/run/media/qbert/1C8099B8809998BA/code/Lab/USE_spaces/use-goal-BPMN/goal/target-maven/generated-sources/antlr4/Bpmn2ScenarioParser.java
/run/media/qbert/1C8099B8809998BA/code/Lab/USE_spaces/use-goal-BPMN/goal/target-maven/generated-sources/antlr4/Bpmn2ScenarioVisitor.java
/run/media/qbert/1C8099B8809998BA/code/Lab/USE_spaces/use-goal-BPMN/goal/target-maven/generated-sources/antlr4/Bpmn2Visitor.java
/run/media/qbert/1C8099B8809998BA/code/Lab/USE_spaces/use-goal-BPMN/goal/target-maven/generated-sources/antlr4/DCRBaseListener.java
/run/media/qbert/1C8099B8809998BA/code/Lab/USE_spaces/use-goal-BPMN/goal/target-maven/generated-sources/antlr4/DCRBaseVisitor.java
/run/media/qbert/1C8099B8809998BA/code/Lab/USE_spaces/use-goal-BPMN/goal/target-maven/generated-sources/antlr4/DCRLexer.java
/run/media/qbert/1C8099B8809998BA/code/Lab/USE_spaces/use-goal-BPMN/goal/target-maven/generated-sources/antlr4/DCRListener.java
/run/media/qbert/1C8099B8809998BA/code/Lab/USE_spaces/use-goal-BPMN/goal/target-maven/generated-sources/antlr4/DCRParser.java
/run/media/qbert/1C8099B8809998BA/code/Lab/USE_spaces/use-goal-BPMN/goal/target-maven/generated-sources/antlr4/DCRVisitor.java
/run/media/qbert/1C8099B8809998BA/code/Lab/USE_spaces/use-goal-BPMN/goal/target-maven/generated-sources/antlr4/IStarBaseListener.java
/run/media/qbert/1C8099B8809998BA/code/Lab/USE_spaces/use-goal-BPMN/goal/target-maven/generated-sources/antlr4/IStarBaseVisitor.java
/run/media/qbert/1C8099B8809998BA/code/Lab/USE_spaces/use-goal-BPMN/goal/target-maven/generated-sources/antlr4/IStarLexer.java
/run/media/qbert/1C8099B8809998BA/code/Lab/USE_spaces/use-goal-BPMN/goal/target-maven/generated-sources/antlr4/IStarListener.java
/run/media/qbert/1C8099B8809998BA/code/Lab/USE_spaces/use-goal-BPMN/goal/target-maven/generated-sources/antlr4/IStarParser.java
/run/media/qbert/1C8099B8809998BA/code/Lab/USE_spaces/use-goal-BPMN/goal/target-maven/generated-sources/antlr4/IStarScenarioBaseListener.java
/run/media/qbert/1C8099B8809998BA/code/Lab/USE_spaces/use-goal-BPMN/goal/target-maven/generated-sources/antlr4/IStarScenarioBaseVisitor.java
/run/media/qbert/1C8099B8809998BA/code/Lab/USE_spaces/use-goal-BPMN/goal/target-maven/generated-sources/antlr4/IStarScenarioLexer.java
/run/media/qbert/1C8099B8809998BA/code/Lab/USE_spaces/use-goal-BPMN/goal/target-maven/generated-sources/antlr4/IStarScenarioListener.java
/run/media/qbert/1C8099B8809998BA/code/Lab/USE_spaces/use-goal-BPMN/goal/target-maven/generated-sources/antlr4/IStarScenarioParser.java
/run/media/qbert/1C8099B8809998BA/code/Lab/USE_spaces/use-goal-BPMN/goal/target-maven/generated-sources/antlr4/IStarScenarioVisitor.java
/run/media/qbert/1C8099B8809998BA/code/Lab/USE_spaces/use-goal-BPMN/goal/target-maven/generated-sources/antlr4/IStarVisitor.java
