org/vnu/sme/goal/verify/conformance/AolBpmnTraceRunnerTest.class
org/vnu/sme/goal/aclstate/AclBpmnStateTraceEvaluatorTest.class
org/vnu/sme/goal/verify/conformance/SalesForecastConformanceTest.class
org/vnu/sme/goal/mapping/SemanticMappingAnalyzerTest.class
org/vnu/sme/goal/aclstate/AclBpmnBoundaryTest.class
org/vnu/sme/goal/translate/aclistar2use/AclIStar2UseTranslatorTest.class
org/vnu/sme/goal/translate/aclistarbpmn2eventb/EventBExportServiceTest.class
org/vnu/sme/goal/dsl/aol/AolAgentProfileTest.class
org/vnu/sme/goal/trace/istartrace/IStarTraceStepperTest.class
org/vnu/sme/goal/translate/aclbpmn2use/AclBpmn2UseTranslatorTest.class
org/vnu/sme/goal/translate/acl2eventb/AclToEventBServiceTest.class
org/vnu/sme/goal/dsl/acl/AclOclPropertyResolverTest.class
org/vnu/sme/goal/aclstate/ProposalReviewWholeConsistencyTest.class
org/vnu/sme/goal/verify/conformance/MtgScenarioConformanceTest.class
org/vnu/sme/goal/aclstate/AclStateEvaluationSessionTest.class
org/vnu/sme/goal/istar/IStarExtendedSemanticsTest.class
org/vnu/sme/goal/trace/bpmn/BpmnAolTraceFileTest.class
org/vnu/sme/goal/translate/aclistarbpmn2eventb/SeparatedEventBExportServiceTest.class
org/vnu/sme/goal/verify/conformance/semantics/GoalTaskMarkingTest.class
org/vnu/sme/goal/dsl/acl/mm/AclSemanticValidatorTest.class
org/vnu/sme/goal/dsl/aol/view/AolLayoutBuilderTest.class
org/vnu/sme/goal/trace/istartrace/BpmnTraceIStarMonitorTest.class
org/vnu/sme/goal/dsl/acl/Acl2UseCanonicalRulesTest.class
org/vnu/sme/goal/dsl/acl/view/AclUseViewModelTest.class
org/vnu/sme/goal/trace/bpmn/BpmnExecutionEngineTest.class
org/vnu/sme/goal/dsl/aol/view/AolStateModelTest.class
org/vnu/sme/goal/translate/aclistarbpmn2use/AclBpmnIStar2UseTranslatorTest.class
