/run/media/qbert/1C8099B8809998BA/code/Lab/USE_spaces/use-goal-BPMN/goal/src/test/java/org/vnu/sme/goal/acl/Acl2UseCanonicalRulesTest.java
/run/media/qbert/1C8099B8809998BA/code/Lab/USE_spaces/use-goal-BPMN/goal/src/test/java/org/vnu/sme/goal/acl/AclOclPropertyResolverTest.java
/run/media/qbert/1C8099B8809998BA/code/Lab/USE_spaces/use-goal-BPMN/goal/src/test/java/org/vnu/sme/goal/acl/mm/AclSemanticValidatorTest.java
/run/media/qbert/1C8099B8809998BA/code/Lab/USE_spaces/use-goal-BPMN/goal/src/test/java/org/vnu/sme/goal/acl/view/AclUseViewModelTest.java
/run/media/qbert/1C8099B8809998BA/code/Lab/USE_spaces/use-goal-BPMN/goal/src/test/java/org/vnu/sme/goal/aclstate/AclBpmnBoundaryTest.java
/run/media/qbert/1C8099B8809998BA/code/Lab/USE_spaces/use-goal-BPMN/goal/src/test/java/org/vnu/sme/goal/aclstate/AclBpmnStateTraceEvaluatorTest.java
/run/media/qbert/1C8099B8809998BA/code/Lab/USE_spaces/use-goal-BPMN/goal/src/test/java/org/vnu/sme/goal/aclstate/AclStateEvaluationSessionTest.java
/run/media/qbert/1C8099B8809998BA/code/Lab/USE_spaces/use-goal-BPMN/goal/src/test/java/org/vnu/sme/goal/aclstate/ProposalReviewWholeConsistencyTest.java
/run/media/qbert/1C8099B8809998BA/code/Lab/USE_spaces/use-goal-BPMN/goal/src/test/java/org/vnu/sme/goal/aol/AolAgentProfileTest.java
/run/media/qbert/1C8099B8809998BA/code/Lab/USE_spaces/use-goal-BPMN/goal/src/test/java/org/vnu/sme/goal/aol/view/AolLayoutBuilderTest.java
/run/media/qbert/1C8099B8809998BA/code/Lab/USE_spaces/use-goal-BPMN/goal/src/test/java/org/vnu/sme/goal/aol/view/AolStateModelTest.java
/run/media/qbert/1C8099B8809998BA/code/Lab/USE_spaces/use-goal-BPMN/goal/src/test/java/org/vnu/sme/goal/conformance/AolBpmnTraceRunnerTest.java
/run/media/qbert/1C8099B8809998BA/code/Lab/USE_spaces/use-goal-BPMN/goal/src/test/java/org/vnu/sme/goal/conformance/MtgScenarioConformanceTest.java
/run/media/qbert/1C8099B8809998BA/code/Lab/USE_spaces/use-goal-BPMN/goal/src/test/java/org/vnu/sme/goal/conformance/SalesForecastConformanceTest.java
/run/media/qbert/1C8099B8809998BA/code/Lab/USE_spaces/use-goal-BPMN/goal/src/test/java/org/vnu/sme/goal/conformance/semantics/GoalTaskMarkingTest.java
/run/media/qbert/1C8099B8809998BA/code/Lab/USE_spaces/use-goal-BPMN/goal/src/test/java/org/vnu/sme/goal/eventb/AclToEventBServiceTest.java
/run/media/qbert/1C8099B8809998BA/code/Lab/USE_spaces/use-goal-BPMN/goal/src/test/java/org/vnu/sme/goal/eventb/EventBExportServiceTest.java
/run/media/qbert/1C8099B8809998BA/code/Lab/USE_spaces/use-goal-BPMN/goal/src/test/java/org/vnu/sme/goal/eventb/SeparatedEventBExportServiceTest.java
/run/media/qbert/1C8099B8809998BA/code/Lab/USE_spaces/use-goal-BPMN/goal/src/test/java/org/vnu/sme/goal/istar/IStarExtendedSemanticsTest.java
/run/media/qbert/1C8099B8809998BA/code/Lab/USE_spaces/use-goal-BPMN/goal/src/test/java/org/vnu/sme/goal/mapping/SemanticMappingAnalyzerTest.java
/run/media/qbert/1C8099B8809998BA/code/Lab/USE_spaces/use-goal-BPMN/goal/src/test/java/org/vnu/sme/goal/trace/bpmn/BpmnAolTraceFileTest.java
/run/media/qbert/1C8099B8809998BA/code/Lab/USE_spaces/use-goal-BPMN/goal/src/test/java/org/vnu/sme/goal/trace/bpmn/BpmnExecutionEngineTest.java
/run/media/qbert/1C8099B8809998BA/code/Lab/USE_spaces/use-goal-BPMN/goal/src/test/java/org/vnu/sme/goal/trace/istartrace/BpmnTraceIStarMonitorTest.java
/run/media/qbert/1C8099B8809998BA/code/Lab/USE_spaces/use-goal-BPMN/goal/src/test/java/org/vnu/sme/goal/trace/istartrace/IStarTraceStepperTest.java
/run/media/qbert/1C8099B8809998BA/code/Lab/USE_spaces/use-goal-BPMN/goal/src/test/java/org/vnu/sme/goal/translate/aclbpmn2use/AclBpmn2UseTranslatorTest.java
/run/media/qbert/1C8099B8809998BA/code/Lab/USE_spaces/use-goal-BPMN/goal/src/test/java/org/vnu/sme/goal/translate/aclistar2use/AclIStar2UseTranslatorTest.java
/run/media/qbert/1C8099B8809998BA/code/Lab/USE_spaces/use-goal-BPMN/goal/src/test/java/org/vnu/sme/goal/translate/aclistarbpmn2use/AclBpmnIStar2UseTranslatorTest.java
